Copyright 1986-2019 Xilinx, Inc. All Rights Reserved.
--------------------------------------------------------------------------------------------------------------------------------------------------------------------------------------------
| Tool Version : Vivado v.2019.1 (lin64) Build 2552052 Fri May 24 14:47:09 MDT 2019
| Date         : Thu Nov 21 23:50:06 2024
| Host         : VM9690-1 running 64-bit Ubuntu 22.04.4 LTS
| Command      : report_timing_summary -max_paths 10 -file MUL_top_timing_summary_routed.rpt -pb MUL_top_timing_summary_routed.pb -rpx MUL_top_timing_summary_routed.rpx -warn_on_violation
| Design       : MUL_top
| Device       : 7a35t-fgg484
| Speed File   : -1  PRODUCTION 1.23 2018-06-13
--------------------------------------------------------------------------------------------------------------------------------------------------------------------------------------------

Timing Summary Report

------------------------------------------------------------------------------------------------
| Timer Settings
| --------------
------------------------------------------------------------------------------------------------

  Enable Multi Corner Analysis               :  Yes
  Enable Pessimism Removal                   :  Yes
  Pessimism Removal Resolution               :  Nearest Common Node
  Enable Input Delay Default Clock           :  No
  Enable Preset / Clear Arcs                 :  No
  Disable Flight Delays                      :  No
  Ignore I/O Paths                           :  No
  Timing Early Launch at Borrowing Latches   :  No
  Borrow Time for Max Delay Exceptions       :  Yes

  Corner  Analyze    Analyze    
  Name    Max Paths  Min Paths  
  ------  ---------  ---------  
  Slow    Yes        Yes        
  Fast    Yes        Yes        



check_timing report

Table of Contents
-----------------
1. checking no_clock
2. checking constant_clock
3. checking pulse_width_clock
4. checking unconstrained_internal_endpoints
5. checking no_input_delay
6. checking no_output_delay
7. checking multiple_clock
8. checking generated_clocks
9. checking loops
10. checking partial_input_delay
11. checking partial_output_delay
12. checking latch_loops

1. checking no_clock
--------------------
 There are 7 register/latch pins with no clock driven by root clock pin: mul2/FSM_onehot_current_state_reg[3]/Q (HIGH)


2. checking constant_clock
--------------------------
 There are 0 register/latch pins with constant_clock.


3. checking pulse_width_clock
-----------------------------
 There are 0 register/latch pins which need pulse_width check


4. checking unconstrained_internal_endpoints
--------------------------------------------
 There are 7 pins that are not constrained for maximum delay. (HIGH)

 There are 0 pins that are not constrained for maximum delay due to constant clock.


5. checking no_input_delay
--------------------------
 There are 8 input ports with no input delay specified. (HIGH)

 There are 0 input ports with no input delay but user has a false path constraint.


6. checking no_output_delay
---------------------------
 There are 14 ports with no output delay specified. (HIGH)

 There are 0 ports with no output delay but user has a false path constraint

 There are 0 ports with no output delay but with a timing clock defined on it or propagating through it


7. checking multiple_clock
--------------------------
 There are 0 register/latch pins with multiple clocks.


8. checking generated_clocks
----------------------------
 There are 0 generated clocks that are not connected to a clock source.


9. checking loops
-----------------
 There are 0 combinational loops in the design.


10. checking partial_input_delay
--------------------------------
 There are 0 input ports with partial input delay specified.


11. checking partial_output_delay
---------------------------------
 There are 0 ports with partial output delay specified.


12. checking latch_loops
------------------------
 There are 0 combinational latch loops in the design through latch input



------------------------------------------------------------------------------------------------
| Design Timing Summary
| ---------------------
------------------------------------------------------------------------------------------------

    WNS(ns)      TNS(ns)  TNS Failing Endpoints  TNS Total Endpoints      WHS(ns)      THS(ns)  THS Failing Endpoints  THS Total Endpoints     WPWS(ns)     TPWS(ns)  TPWS Failing Endpoints  TPWS Total Endpoints  
    -------      -------  ---------------------  -------------------      -------      -------  ---------------------  -------------------     --------     --------  ----------------------  --------------------  
      5.532        0.000                      0                   98        0.166        0.000                      0                   98        4.500        0.000                       0                    53  


All user specified timing constraints are met.


------------------------------------------------------------------------------------------------
| Clock Summary
| -------------
------------------------------------------------------------------------------------------------

Clock        Waveform(ns)       Period(ns)      Frequency(MHz)
-----        ------------       ----------      --------------
sys_clk_pin  {0.000 5.000}      10.000          100.000         


------------------------------------------------------------------------------------------------
| Intra Clock Table
| -----------------
------------------------------------------------------------------------------------------------

Clock             WNS(ns)      TNS(ns)  TNS Failing Endpoints  TNS Total Endpoints      WHS(ns)      THS(ns)  THS Failing Endpoints  THS Total Endpoints     WPWS(ns)     TPWS(ns)  TPWS Failing Endpoints  TPWS Total Endpoints  
-----             -------      -------  ---------------------  -------------------      -------      -------  ---------------------  -------------------     --------     --------  ----------------------  --------------------  
sys_clk_pin         5.532        0.000                      0                   98        0.166        0.000                      0                   98        4.500        0.000                       0                    53  


------------------------------------------------------------------------------------------------
| Inter Clock Table
| -----------------
------------------------------------------------------------------------------------------------

From Clock    To Clock          WNS(ns)      TNS(ns)  TNS Failing Endpoints  TNS Total Endpoints      WHS(ns)      THS(ns)  THS Failing Endpoints  THS Total Endpoints  
----------    --------          -------      -------  ---------------------  -------------------      -------      -------  ---------------------  -------------------  


------------------------------------------------------------------------------------------------
| Other Path Groups Table
| -----------------------
------------------------------------------------------------------------------------------------

Path Group    From Clock    To Clock          WNS(ns)      TNS(ns)  TNS Failing Endpoints  TNS Total Endpoints      WHS(ns)      THS(ns)  THS Failing Endpoints  THS Total Endpoints  
----------    ----------    --------          -------      -------  ---------------------  -------------------      -------      -------  ---------------------  -------------------  


------------------------------------------------------------------------------------------------
| Timing Details
| --------------
------------------------------------------------------------------------------------------------


---------------------------------------------------------------------------------------------------
From Clock:  sys_clk_pin
  To Clock:  sys_clk_pin

Setup :            0  Failing Endpoints,  Worst Slack        5.532ns,  Total Violation        0.000ns
Hold  :            0  Failing Endpoints,  Worst Slack        0.166ns,  Total Violation        0.000ns
PW    :            0  Failing Endpoints,  Worst Slack        4.500ns,  Total Violation        0.000ns
---------------------------------------------------------------------------------------------------


Max Delay Paths
--------------------------------------------------------------------------------------
Slack (MET) :             5.532ns  (required time - arrival time)
  Source:                 segment/counter_reg[23]/C
                            (rising edge-triggered cell FDRE clocked by sys_clk_pin  {rise@0.000ns fall@5.000ns period=10.000ns})
  Destination:            segment/counter_reg[28]/R
                            (rising edge-triggered cell FDRE clocked by sys_clk_pin  {rise@0.000ns fall@5.000ns period=10.000ns})
  Path Group:             sys_clk_pin
  Path Type:              Setup (Max at Slow Process Corner)
  Requirement:            10.000ns  (sys_clk_pin rise@10.000ns - sys_clk_pin rise@0.000ns)
  Data Path Delay:        3.881ns  (logic 0.890ns (22.929%)  route 2.991ns (77.071%))
  Logic Levels:           3  (LUT5=1 LUT6=2)
  Clock Path Skew:        -0.027ns (DCD - SCD + CPR)
    Destination Clock Delay (DCD):    5.044ns = ( 15.044 - 10.000 ) 
    Source Clock Delay      (SCD):    5.351ns
    Clock Pessimism Removal (CPR):    0.280ns
  Clock Uncertainty:      0.035ns  ((TSJ^2 + TIJ^2)^1/2 + DJ) / 2 + PE
    Total System Jitter     (TSJ):    0.071ns
    Total Input Jitter      (TIJ):    0.000ns
    Discrete Jitter          (DJ):    0.000ns
    Phase Error              (PE):    0.000ns

    Location             Delay type                Incr(ns)  Path(ns)    Netlist Resource(s)
  -------------------------------------------------------------------    -------------------
                         (clock sys_clk_pin rise edge)
                                                      0.000     0.000 r  
    V18                                               0.000     0.000 r  clk (IN)
                         net (fo=0)                   0.000     0.000    clk
    V18                  IBUF (Prop_ibuf_I_O)         1.483     1.483 r  clk_IBUF_inst/O
                         net (fo=1, routed)           1.972     3.455    clk_IBUF
    BUFGCTRL_X0Y0        BUFG (Prop_bufg_I_O)         0.096     3.551 r  clk_IBUF_BUFG_inst/O
                         net (fo=52, routed)          1.800     5.351    segment/clk_IBUF_BUFG
    SLICE_X2Y117         FDRE                                         r  segment/counter_reg[23]/C
  -------------------------------------------------------------------    -------------------
    SLICE_X2Y117         FDRE (Prop_fdre_C_Q)         0.518     5.869 r  segment/counter_reg[23]/Q
                         net (fo=2, routed)           0.992     6.861    segment/counter_reg[23]
    SLICE_X3Y118         LUT6 (Prop_lut6_I2_O)        0.124     6.985 r  segment/seg_id[2]_i_4/O
                         net (fo=1, routed)           0.433     7.418    segment/seg_id[2]_i_4_n_0
    SLICE_X3Y118         LUT6 (Prop_lut6_I0_O)        0.124     7.542 r  segment/seg_id[2]_i_2/O
                         net (fo=4, routed)           0.569     8.110    segment/seg_id[2]_i_2_n_0
    SLICE_X3Y115         LUT5 (Prop_lut5_I1_O)        0.124     8.234 r  segment/counter[0]_i_1/O
                         net (fo=32, routed)          0.998     9.232    segment/counter[0]_i_1_n_0
    SLICE_X2Y119         FDRE                                         r  segment/counter_reg[28]/R
  -------------------------------------------------------------------    -------------------

                         (clock sys_clk_pin rise edge)
                                                     10.000    10.000 r  
    V18                                               0.000    10.000 r  clk (IN)
                         net (fo=0)                   0.000    10.000    clk
    V18                  IBUF (Prop_ibuf_I_O)         1.413    11.413 r  clk_IBUF_inst/O
                         net (fo=1, routed)           1.868    13.281    clk_IBUF
    BUFGCTRL_X0Y0        BUFG (Prop_bufg_I_O)         0.091    13.372 r  clk_IBUF_BUFG_inst/O
                         net (fo=52, routed)          1.672    15.044    segment/clk_IBUF_BUFG
    SLICE_X2Y119         FDRE                                         r  segment/counter_reg[28]/C
                         clock pessimism              0.280    15.324    
                         clock uncertainty           -0.035    15.289    
    SLICE_X2Y119         FDRE (Setup_fdre_C_R)       -0.524    14.765    segment/counter_reg[28]
  -------------------------------------------------------------------
                         required time                         14.765    
                         arrival time                          -9.232    
  -------------------------------------------------------------------
                         slack                                  5.532    

Slack (MET) :             5.532ns  (required time - arrival time)
  Source:                 segment/counter_reg[23]/C
                            (rising edge-triggered cell FDRE clocked by sys_clk_pin  {rise@0.000ns fall@5.000ns period=10.000ns})
  Destination:            segment/counter_reg[29]/R
                            (rising edge-triggered cell FDRE clocked by sys_clk_pin  {rise@0.000ns fall@5.000ns period=10.000ns})
  Path Group:             sys_clk_pin
  Path Type:              Setup (Max at Slow Process Corner)
  Requirement:            10.000ns  (sys_clk_pin rise@10.000ns - sys_clk_pin rise@0.000ns)
  Data Path Delay:        3.881ns  (logic 0.890ns (22.929%)  route 2.991ns (77.071%))
  Logic Levels:           3  (LUT5=1 LUT6=2)
  Clock Path Skew:        -0.027ns (DCD - SCD + CPR)
    Destination Clock Delay (DCD):    5.044ns = ( 15.044 - 10.000 ) 
    Source Clock Delay      (SCD):    5.351ns
    Clock Pessimism Removal (CPR):    0.280ns
  Clock Uncertainty:      0.035ns  ((TSJ^2 + TIJ^2)^1/2 + DJ) / 2 + PE
    Total System Jitter     (TSJ):    0.071ns
    Total Input Jitter      (TIJ):    0.000ns
    Discrete Jitter          (DJ):    0.000ns
    Phase Error              (PE):    0.000ns

    Location             Delay type                Incr(ns)  Path(ns)    Netlist Resource(s)
  -------------------------------------------------------------------    -------------------
                         (clock sys_clk_pin rise edge)
                                                      0.000     0.000 r  
    V18                                               0.000     0.000 r  clk (IN)
                         net (fo=0)                   0.000     0.000    clk
    V18                  IBUF (Prop_ibuf_I_O)         1.483     1.483 r  clk_IBUF_inst/O
                         net (fo=1, routed)           1.972     3.455    clk_IBUF
    BUFGCTRL_X0Y0        BUFG (Prop_bufg_I_O)         0.096     3.551 r  clk_IBUF_BUFG_inst/O
                         net (fo=52, routed)          1.800     5.351    segment/clk_IBUF_BUFG
    SLICE_X2Y117         FDRE                                         r  segment/counter_reg[23]/C
  -------------------------------------------------------------------    -------------------
    SLICE_X2Y117         FDRE (Prop_fdre_C_Q)         0.518     5.869 r  segment/counter_reg[23]/Q
                         net (fo=2, routed)           0.992     6.861    segment/counter_reg[23]
    SLICE_X3Y118         LUT6 (Prop_lut6_I2_O)        0.124     6.985 r  segment/seg_id[2]_i_4/O
                         net (fo=1, routed)           0.433     7.418    segment/seg_id[2]_i_4_n_0
    SLICE_X3Y118         LUT6 (Prop_lut6_I0_O)        0.124     7.542 r  segment/seg_id[2]_i_2/O
                         net (fo=4, routed)           0.569     8.110    segment/seg_id[2]_i_2_n_0
    SLICE_X3Y115         LUT5 (Prop_lut5_I1_O)        0.124     8.234 r  segment/counter[0]_i_1/O
                         net (fo=32, routed)          0.998     9.232    segment/counter[0]_i_1_n_0
    SLICE_X2Y119         FDRE                                         r  segment/counter_reg[29]/R
  -------------------------------------------------------------------    -------------------

                         (clock sys_clk_pin rise edge)
                                                     10.000    10.000 r  
    V18                                               0.000    10.000 r  clk (IN)
                         net (fo=0)                   0.000    10.000    clk
    V18                  IBUF (Prop_ibuf_I_O)         1.413    11.413 r  clk_IBUF_inst/O
                         net (fo=1, routed)           1.868    13.281    clk_IBUF
    BUFGCTRL_X0Y0        BUFG (Prop_bufg_I_O)         0.091    13.372 r  clk_IBUF_BUFG_inst/O
                         net (fo=52, routed)          1.672    15.044    segment/clk_IBUF_BUFG
    SLICE_X2Y119         FDRE                                         r  segment/counter_reg[29]/C
                         clock pessimism              0.280    15.324    
                         clock uncertainty           -0.035    15.289    
    SLICE_X2Y119         FDRE (Setup_fdre_C_R)       -0.524    14.765    segment/counter_reg[29]
  -------------------------------------------------------------------
                         required time                         14.765    
                         arrival time                          -9.232    
  -------------------------------------------------------------------
                         slack                                  5.532    

Slack (MET) :             5.532ns  (required time - arrival time)
  Source:                 segment/counter_reg[23]/C
                            (rising edge-triggered cell FDRE clocked by sys_clk_pin  {rise@0.000ns fall@5.000ns period=10.000ns})
  Destination:            segment/counter_reg[30]/R
                            (rising edge-triggered cell FDRE clocked by sys_clk_pin  {rise@0.000ns fall@5.000ns period=10.000ns})
  Path Group:             sys_clk_pin
  Path Type:              Setup (Max at Slow Process Corner)
  Requirement:            10.000ns  (sys_clk_pin rise@10.000ns - sys_clk_pin rise@0.000ns)
  Data Path Delay:        3.881ns  (logic 0.890ns (22.929%)  route 2.991ns (77.071%))
  Logic Levels:           3  (LUT5=1 LUT6=2)
  Clock Path Skew:        -0.027ns (DCD - SCD + CPR)
    Destination Clock Delay (DCD):    5.044ns = ( 15.044 - 10.000 ) 
    Source Clock Delay      (SCD):    5.351ns
    Clock Pessimism Removal (CPR):    0.280ns
  Clock Uncertainty:      0.035ns  ((TSJ^2 + TIJ^2)^1/2 + DJ) / 2 + PE
    Total System Jitter     (TSJ):    0.071ns
    Total Input Jitter      (TIJ):    0.000ns
    Discrete Jitter          (DJ):    0.000ns
    Phase Error              (PE):    0.000ns

    Location             Delay type                Incr(ns)  Path(ns)    Netlist Resource(s)
  -------------------------------------------------------------------    -------------------
                         (clock sys_clk_pin rise edge)
                                                      0.000     0.000 r  
    V18                                               0.000     0.000 r  clk (IN)
                         net (fo=0)                   0.000     0.000    clk
    V18                  IBUF (Prop_ibuf_I_O)         1.483     1.483 r  clk_IBUF_inst/O
                         net (fo=1, routed)           1.972     3.455    clk_IBUF
    BUFGCTRL_X0Y0        BUFG (Prop_bufg_I_O)         0.096     3.551 r  clk_IBUF_BUFG_inst/O
                         net (fo=52, routed)          1.800     5.351    segment/clk_IBUF_BUFG
    SLICE_X2Y117         FDRE                                         r  segment/counter_reg[23]/C
  -------------------------------------------------------------------    -------------------
    SLICE_X2Y117         FDRE (Prop_fdre_C_Q)         0.518     5.869 r  segment/counter_reg[23]/Q
                         net (fo=2, routed)           0.992     6.861    segment/counter_reg[23]
    SLICE_X3Y118         LUT6 (Prop_lut6_I2_O)        0.124     6.985 r  segment/seg_id[2]_i_4/O
                         net (fo=1, routed)           0.433     7.418    segment/seg_id[2]_i_4_n_0
    SLICE_X3Y118         LUT6 (Prop_lut6_I0_O)        0.124     7.542 r  segment/seg_id[2]_i_2/O
                         net (fo=4, routed)           0.569     8.110    segment/seg_id[2]_i_2_n_0
    SLICE_X3Y115         LUT5 (Prop_lut5_I1_O)        0.124     8.234 r  segment/counter[0]_i_1/O
                         net (fo=32, routed)          0.998     9.232    segment/counter[0]_i_1_n_0
    SLICE_X2Y119         FDRE                                         r  segment/counter_reg[30]/R
  -------------------------------------------------------------------    -------------------

                         (clock sys_clk_pin rise edge)
                                                     10.000    10.000 r  
    V18                                               0.000    10.000 r  clk (IN)
                         net (fo=0)                   0.000    10.000    clk
    V18                  IBUF (Prop_ibuf_I_O)         1.413    11.413 r  clk_IBUF_inst/O
                         net (fo=1, routed)           1.868    13.281    clk_IBUF
    BUFGCTRL_X0Y0        BUFG (Prop_bufg_I_O)         0.091    13.372 r  clk_IBUF_BUFG_inst/O
                         net (fo=52, routed)          1.672    15.044    segment/clk_IBUF_BUFG
    SLICE_X2Y119         FDRE                                         r  segment/counter_reg[30]/C
                         clock pessimism              0.280    15.324    
                         clock uncertainty           -0.035    15.289    
    SLICE_X2Y119         FDRE (Setup_fdre_C_R)       -0.524    14.765    segment/counter_reg[30]
  -------------------------------------------------------------------
                         required time                         14.765    
                         arrival time                          -9.232    
  -------------------------------------------------------------------
                         slack                                  5.532    

Slack (MET) :             5.532ns  (required time - arrival time)
  Source:                 segment/counter_reg[23]/C
                            (rising edge-triggered cell FDRE clocked by sys_clk_pin  {rise@0.000ns fall@5.000ns period=10.000ns})
  Destination:            segment/counter_reg[31]/R
                            (rising edge-triggered cell FDRE clocked by sys_clk_pin  {rise@0.000ns fall@5.000ns period=10.000ns})
  Path Group:             sys_clk_pin
  Path Type:              Setup (Max at Slow Process Corner)
  Requirement:            10.000ns  (sys_clk_pin rise@10.000ns - sys_clk_pin rise@0.000ns)
  Data Path Delay:        3.881ns  (logic 0.890ns (22.929%)  route 2.991ns (77.071%))
  Logic Levels:           3  (LUT5=1 LUT6=2)
  Clock Path Skew:        -0.027ns (DCD - SCD + CPR)
    Destination Clock Delay (DCD):    5.044ns = ( 15.044 - 10.000 ) 
    Source Clock Delay      (SCD):    5.351ns
    Clock Pessimism Removal (CPR):    0.280ns
  Clock Uncertainty:      0.035ns  ((TSJ^2 + TIJ^2)^1/2 + DJ) / 2 + PE
    Total System Jitter     (TSJ):    0.071ns
    Total Input Jitter      (TIJ):    0.000ns
    Discrete Jitter          (DJ):    0.000ns
    Phase Error              (PE):    0.000ns

    Location             Delay type                Incr(ns)  Path(ns)    Netlist Resource(s)
  -------------------------------------------------------------------    -------------------
                         (clock sys_clk_pin rise edge)
                                                      0.000     0.000 r  
    V18                                               0.000     0.000 r  clk (IN)
                         net (fo=0)                   0.000     0.000    clk
    V18                  IBUF (Prop_ibuf_I_O)         1.483     1.483 r  clk_IBUF_inst/O
                         net (fo=1, routed)           1.972     3.455    clk_IBUF
    BUFGCTRL_X0Y0        BUFG (Prop_bufg_I_O)         0.096     3.551 r  clk_IBUF_BUFG_inst/O
                         net (fo=52, routed)          1.800     5.351    segment/clk_IBUF_BUFG
    SLICE_X2Y117         FDRE                                         r  segment/counter_reg[23]/C
  -------------------------------------------------------------------    -------------------
    SLICE_X2Y117         FDRE (Prop_fdre_C_Q)         0.518     5.869 r  segment/counter_reg[23]/Q
                         net (fo=2, routed)           0.992     6.861    segment/counter_reg[23]
    SLICE_X3Y118         LUT6 (Prop_lut6_I2_O)        0.124     6.985 r  segment/seg_id[2]_i_4/O
                         net (fo=1, routed)           0.433     7.418    segment/seg_id[2]_i_4_n_0
    SLICE_X3Y118         LUT6 (Prop_lut6_I0_O)        0.124     7.542 r  segment/seg_id[2]_i_2/O
                         net (fo=4, routed)           0.569     8.110    segment/seg_id[2]_i_2_n_0
    SLICE_X3Y115         LUT5 (Prop_lut5_I1_O)        0.124     8.234 r  segment/counter[0]_i_1/O
                         net (fo=32, routed)          0.998     9.232    segment/counter[0]_i_1_n_0
    SLICE_X2Y119         FDRE                                         r  segment/counter_reg[31]/R
  -------------------------------------------------------------------    -------------------

                         (clock sys_clk_pin rise edge)
                                                     10.000    10.000 r  
    V18                                               0.000    10.000 r  clk (IN)
                         net (fo=0)                   0.000    10.000    clk
    V18                  IBUF (Prop_ibuf_I_O)         1.413    11.413 r  clk_IBUF_inst/O
                         net (fo=1, routed)           1.868    13.281    clk_IBUF
    BUFGCTRL_X0Y0        BUFG (Prop_bufg_I_O)         0.091    13.372 r  clk_IBUF_BUFG_inst/O
                         net (fo=52, routed)          1.672    15.044    segment/clk_IBUF_BUFG
    SLICE_X2Y119         FDRE                                         r  segment/counter_reg[31]/C
                         clock pessimism              0.280    15.324    
                         clock uncertainty           -0.035    15.289    
    SLICE_X2Y119         FDRE (Setup_fdre_C_R)       -0.524    14.765    segment/counter_reg[31]
  -------------------------------------------------------------------
                         required time                         14.765    
                         arrival time                          -9.232    
  -------------------------------------------------------------------
                         slack                                  5.532    

Slack (MET) :             5.675ns  (required time - arrival time)
  Source:                 segment/counter_reg[23]/C
                            (rising edge-triggered cell FDRE clocked by sys_clk_pin  {rise@0.000ns fall@5.000ns period=10.000ns})
  Destination:            segment/counter_reg[24]/R
                            (rising edge-triggered cell FDRE clocked by sys_clk_pin  {rise@0.000ns fall@5.000ns period=10.000ns})
  Path Group:             sys_clk_pin
  Path Type:              Setup (Max at Slow Process Corner)
  Requirement:            10.000ns  (sys_clk_pin rise@10.000ns - sys_clk_pin rise@0.000ns)
  Data Path Delay:        3.740ns  (logic 0.890ns (23.799%)  route 2.850ns (76.201%))
  Logic Levels:           3  (LUT5=1 LUT6=2)
  Clock Path Skew:        -0.026ns (DCD - SCD + CPR)
    Destination Clock Delay (DCD):    5.045ns = ( 15.045 - 10.000 ) 
    Source Clock Delay      (SCD):    5.351ns
    Clock Pessimism Removal (CPR):    0.280ns
  Clock Uncertainty:      0.035ns  ((TSJ^2 + TIJ^2)^1/2 + DJ) / 2 + PE
    Total System Jitter     (TSJ):    0.071ns
    Total Input Jitter      (TIJ):    0.000ns
    Discrete Jitter          (DJ):    0.000ns
    Phase Error              (PE):    0.000ns

    Location             Delay type                Incr(ns)  Path(ns)    Netlist Resource(s)
  -------------------------------------------------------------------    -------------------
                         (clock sys_clk_pin rise edge)
                                                      0.000     0.000 r  
    V18                                               0.000     0.000 r  clk (IN)
                         net (fo=0)                   0.000     0.000    clk
    V18                  IBUF (Prop_ibuf_I_O)         1.483     1.483 r  clk_IBUF_inst/O
                         net (fo=1, routed)           1.972     3.455    clk_IBUF
    BUFGCTRL_X0Y0        BUFG (Prop_bufg_I_O)         0.096     3.551 r  clk_IBUF_BUFG_inst/O
                         net (fo=52, routed)          1.800     5.351    segment/clk_IBUF_BUFG
    SLICE_X2Y117         FDRE                                         r  segment/counter_reg[23]/C
  -------------------------------------------------------------------    -------------------
    SLICE_X2Y117         FDRE (Prop_fdre_C_Q)         0.518     5.869 r  segment/counter_reg[23]/Q
                         net (fo=2, routed)           0.992     6.861    segment/counter_reg[23]
    SLICE_X3Y118         LUT6 (Prop_lut6_I2_O)        0.124     6.985 r  segment/seg_id[2]_i_4/O
                         net (fo=1, routed)           0.433     7.418    segment/seg_id[2]_i_4_n_0
    SLICE_X3Y118         LUT6 (Prop_lut6_I0_O)        0.124     7.542 r  segment/seg_id[2]_i_2/O
                         net (fo=4, routed)           0.569     8.110    segment/seg_id[2]_i_2_n_0
    SLICE_X3Y115         LUT5 (Prop_lut5_I1_O)        0.124     8.234 r  segment/counter[0]_i_1/O
                         net (fo=32, routed)          0.856     9.091    segment/counter[0]_i_1_n_0
    SLICE_X2Y118         FDRE                                         r  segment/counter_reg[24]/R
  -------------------------------------------------------------------    -------------------

                         (clock sys_clk_pin rise edge)
                                                     10.000    10.000 r  
    V18                                               0.000    10.000 r  clk (IN)
                         net (fo=0)                   0.000    10.000    clk
    V18                  IBUF (Prop_ibuf_I_O)         1.413    11.413 r  clk_IBUF_inst/O
                         net (fo=1, routed)           1.868    13.281    clk_IBUF
    BUFGCTRL_X0Y0        BUFG (Prop_bufg_I_O)         0.091    13.372 r  clk_IBUF_BUFG_inst/O
                         net (fo=52, routed)          1.673    15.045    segment/clk_IBUF_BUFG
    SLICE_X2Y118         FDRE                                         r  segment/counter_reg[24]/C
                         clock pessimism              0.280    15.325    
                         clock uncertainty           -0.035    15.290    
    SLICE_X2Y118         FDRE (Setup_fdre_C_R)       -0.524    14.766    segment/counter_reg[24]
  -------------------------------------------------------------------
                         required time                         14.766    
                         arrival time                          -9.091    
  -------------------------------------------------------------------
                         slack                                  5.675    

Slack (MET) :             5.675ns  (required time - arrival time)
  Source:                 segment/counter_reg[23]/C
                            (rising edge-triggered cell FDRE clocked by sys_clk_pin  {rise@0.000ns fall@5.000ns period=10.000ns})
  Destination:            segment/counter_reg[25]/R
                            (rising edge-triggered cell FDRE clocked by sys_clk_pin  {rise@0.000ns fall@5.000ns period=10.000ns})
  Path Group:             sys_clk_pin
  Path Type:              Setup (Max at Slow Process Corner)
  Requirement:            10.000ns  (sys_clk_pin rise@10.000ns - sys_clk_pin rise@0.000ns)
  Data Path Delay:        3.740ns  (logic 0.890ns (23.799%)  route 2.850ns (76.201%))
  Logic Levels:           3  (LUT5=1 LUT6=2)
  Clock Path Skew:        -0.026ns (DCD - SCD + CPR)
    Destination Clock Delay (DCD):    5.045ns = ( 15.045 - 10.000 ) 
    Source Clock Delay      (SCD):    5.351ns
    Clock Pessimism Removal (CPR):    0.280ns
  Clock Uncertainty:      0.035ns  ((TSJ^2 + TIJ^2)^1/2 + DJ) / 2 + PE
    Total System Jitter     (TSJ):    0.071ns
    Total Input Jitter      (TIJ):    0.000ns
    Discrete Jitter          (DJ):    0.000ns
    Phase Error              (PE):    0.000ns

    Location             Delay type                Incr(ns)  Path(ns)    Netlist Resource(s)
  -------------------------------------------------------------------    -------------------
                         (clock sys_clk_pin rise edge)
                                                      0.000     0.000 r  
    V18                                               0.000     0.000 r  clk (IN)
                         net (fo=0)                   0.000     0.000    clk
    V18                  IBUF (Prop_ibuf_I_O)         1.483     1.483 r  clk_IBUF_inst/O
                         net (fo=1, routed)           1.972     3.455    clk_IBUF
    BUFGCTRL_X0Y0        BUFG (Prop_bufg_I_O)         0.096     3.551 r  clk_IBUF_BUFG_inst/O
                         net (fo=52, routed)          1.800     5.351    segment/clk_IBUF_BUFG
    SLICE_X2Y117         FDRE                                         r  segment/counter_reg[23]/C
  -------------------------------------------------------------------    -------------------
    SLICE_X2Y117         FDRE (Prop_fdre_C_Q)         0.518     5.869 r  segment/counter_reg[23]/Q
                         net (fo=2, routed)           0.992     6.861    segment/counter_reg[23]
    SLICE_X3Y118         LUT6 (Prop_lut6_I2_O)        0.124     6.985 r  segment/seg_id[2]_i_4/O
                         net (fo=1, routed)           0.433     7.418    segment/seg_id[2]_i_4_n_0
    SLICE_X3Y118         LUT6 (Prop_lut6_I0_O)        0.124     7.542 r  segment/seg_id[2]_i_2/O
                         net (fo=4, routed)           0.569     8.110    segment/seg_id[2]_i_2_n_0
    SLICE_X3Y115         LUT5 (Prop_lut5_I1_O)        0.124     8.234 r  segment/counter[0]_i_1/O
                         net (fo=32, routed)          0.856     9.091    segment/counter[0]_i_1_n_0
    SLICE_X2Y118         FDRE                                         r  segment/counter_reg[25]/R
  -------------------------------------------------------------------    -------------------

                         (clock sys_clk_pin rise edge)
                                                     10.000    10.000 r  
    V18                                               0.000    10.000 r  clk (IN)
                         net (fo=0)                   0.000    10.000    clk
    V18                  IBUF (Prop_ibuf_I_O)         1.413    11.413 r  clk_IBUF_inst/O
                         net (fo=1, routed)           1.868    13.281    clk_IBUF
    BUFGCTRL_X0Y0        BUFG (Prop_bufg_I_O)         0.091    13.372 r  clk_IBUF_BUFG_inst/O
                         net (fo=52, routed)          1.673    15.045    segment/clk_IBUF_BUFG
    SLICE_X2Y118         FDRE                                         r  segment/counter_reg[25]/C
                         clock pessimism              0.280    15.325    
                         clock uncertainty           -0.035    15.290    
    SLICE_X2Y118         FDRE (Setup_fdre_C_R)       -0.524    14.766    segment/counter_reg[25]
  -------------------------------------------------------------------
                         required time                         14.766    
                         arrival time                          -9.091    
  -------------------------------------------------------------------
                         slack                                  5.675    

Slack (MET) :             5.675ns  (required time - arrival time)
  Source:                 segment/counter_reg[23]/C
                            (rising edge-triggered cell FDRE clocked by sys_clk_pin  {rise@0.000ns fall@5.000ns period=10.000ns})
  Destination:            segment/counter_reg[26]/R
                            (rising edge-triggered cell FDRE clocked by sys_clk_pin  {rise@0.000ns fall@5.000ns period=10.000ns})
  Path Group:             sys_clk_pin
  Path Type:              Setup (Max at Slow Process Corner)
  Requirement:            10.000ns  (sys_clk_pin rise@10.000ns - sys_clk_pin rise@0.000ns)
  Data Path Delay:        3.740ns  (logic 0.890ns (23.799%)  route 2.850ns (76.201%))
  Logic Levels:           3  (LUT5=1 LUT6=2)
  Clock Path Skew:        -0.026ns (DCD - SCD + CPR)
    Destination Clock Delay (DCD):    5.045ns = ( 15.045 - 10.000 ) 
    Source Clock Delay      (SCD):    5.351ns
    Clock Pessimism Removal (CPR):    0.280ns
  Clock Uncertainty:      0.035ns  ((TSJ^2 + TIJ^2)^1/2 + DJ) / 2 + PE
    Total System Jitter     (TSJ):    0.071ns
    Total Input Jitter      (TIJ):    0.000ns
    Discrete Jitter          (DJ):    0.000ns
    Phase Error              (PE):    0.000ns

    Location             Delay type                Incr(ns)  Path(ns)    Netlist Resource(s)
  -------------------------------------------------------------------    -------------------
                         (clock sys_clk_pin rise edge)
                                                      0.000     0.000 r  
    V18                                               0.000     0.000 r  clk (IN)
                         net (fo=0)                   0.000     0.000    clk
    V18                  IBUF (Prop_ibuf_I_O)         1.483     1.483 r  clk_IBUF_inst/O
                         net (fo=1, routed)           1.972     3.455    clk_IBUF
    BUFGCTRL_X0Y0        BUFG (Prop_bufg_I_O)         0.096     3.551 r  clk_IBUF_BUFG_inst/O
                         net (fo=52, routed)          1.800     5.351    segment/clk_IBUF_BUFG
    SLICE_X2Y117         FDRE                                         r  segment/counter_reg[23]/C
  -------------------------------------------------------------------    -------------------
    SLICE_X2Y117         FDRE (Prop_fdre_C_Q)         0.518     5.869 r  segment/counter_reg[23]/Q
                         net (fo=2, routed)           0.992     6.861    segment/counter_reg[23]
    SLICE_X3Y118         LUT6 (Prop_lut6_I2_O)        0.124     6.985 r  segment/seg_id[2]_i_4/O
                         net (fo=1, routed)           0.433     7.418    segment/seg_id[2]_i_4_n_0
    SLICE_X3Y118         LUT6 (Prop_lut6_I0_O)        0.124     7.542 r  segment/seg_id[2]_i_2/O
                         net (fo=4, routed)           0.569     8.110    segment/seg_id[2]_i_2_n_0
    SLICE_X3Y115         LUT5 (Prop_lut5_I1_O)        0.124     8.234 r  segment/counter[0]_i_1/O
                         net (fo=32, routed)          0.856     9.091    segment/counter[0]_i_1_n_0
    SLICE_X2Y118         FDRE                                         r  segment/counter_reg[26]/R
  -------------------------------------------------------------------    -------------------

                         (clock sys_clk_pin rise edge)
                                                     10.000    10.000 r  
    V18                                               0.000    10.000 r  clk (IN)
                         net (fo=0)                   0.000    10.000    clk
    V18                  IBUF (Prop_ibuf_I_O)         1.413    11.413 r  clk_IBUF_inst/O
                         net (fo=1, routed)           1.868    13.281    clk_IBUF
    BUFGCTRL_X0Y0        BUFG (Prop_bufg_I_O)         0.091    13.372 r  clk_IBUF_BUFG_inst/O
                         net (fo=52, routed)          1.673    15.045    segment/clk_IBUF_BUFG
    SLICE_X2Y118         FDRE                                         r  segment/counter_reg[26]/C
                         clock pessimism              0.280    15.325    
                         clock uncertainty           -0.035    15.290    
    SLICE_X2Y118         FDRE (Setup_fdre_C_R)       -0.524    14.766    segment/counter_reg[26]
  -------------------------------------------------------------------
                         required time                         14.766    
                         arrival time                          -9.091    
  -------------------------------------------------------------------
                         slack                                  5.675    

Slack (MET) :             5.675ns  (required time - arrival time)
  Source:                 segment/counter_reg[23]/C
                            (rising edge-triggered cell FDRE clocked by sys_clk_pin  {rise@0.000ns fall@5.000ns period=10.000ns})
  Destination:            segment/counter_reg[27]/R
                            (rising edge-triggered cell FDRE clocked by sys_clk_pin  {rise@0.000ns fall@5.000ns period=10.000ns})
  Path Group:             sys_clk_pin
  Path Type:              Setup (Max at Slow Process Corner)
  Requirement:            10.000ns  (sys_clk_pin rise@10.000ns - sys_clk_pin rise@0.000ns)
  Data Path Delay:        3.740ns  (logic 0.890ns (23.799%)  route 2.850ns (76.201%))
  Logic Levels:           3  (LUT5=1 LUT6=2)
  Clock Path Skew:        -0.026ns (DCD - SCD + CPR)
    Destination Clock Delay (DCD):    5.045ns = ( 15.045 - 10.000 ) 
    Source Clock Delay      (SCD):    5.351ns
    Clock Pessimism Removal (CPR):    0.280ns
  Clock Uncertainty:      0.035ns  ((TSJ^2 + TIJ^2)^1/2 + DJ) / 2 + PE
    Total System Jitter     (TSJ):    0.071ns
    Total Input Jitter      (TIJ):    0.000ns
    Discrete Jitter          (DJ):    0.000ns
    Phase Error              (PE):    0.000ns

    Location             Delay type                Incr(ns)  Path(ns)    Netlist Resource(s)
  -------------------------------------------------------------------    -------------------
                         (clock sys_clk_pin rise edge)
                                                      0.000     0.000 r  
    V18                                               0.000     0.000 r  clk (IN)
                         net (fo=0)                   0.000     0.000    clk
    V18                  IBUF (Prop_ibuf_I_O)         1.483     1.483 r  clk_IBUF_inst/O
                         net (fo=1, routed)           1.972     3.455    clk_IBUF
    BUFGCTRL_X0Y0        BUFG (Prop_bufg_I_O)         0.096     3.551 r  clk_IBUF_BUFG_inst/O
                         net (fo=52, routed)          1.800     5.351    segment/clk_IBUF_BUFG
    SLICE_X2Y117         FDRE                                         r  segment/counter_reg[23]/C
  -------------------------------------------------------------------    -------------------
    SLICE_X2Y117         FDRE (Prop_fdre_C_Q)         0.518     5.869 r  segment/counter_reg[23]/Q
                         net (fo=2, routed)           0.992     6.861    segment/counter_reg[23]
    SLICE_X3Y118         LUT6 (Prop_lut6_I2_O)        0.124     6.985 r  segment/seg_id[2]_i_4/O
                         net (fo=1, routed)           0.433     7.418    segment/seg_id[2]_i_4_n_0
    SLICE_X3Y118         LUT6 (Prop_lut6_I0_O)        0.124     7.542 r  segment/seg_id[2]_i_2/O
                         net (fo=4, routed)           0.569     8.110    segment/seg_id[2]_i_2_n_0
    SLICE_X3Y115         LUT5 (Prop_lut5_I1_O)        0.124     8.234 r  segment/counter[0]_i_1/O
                         net (fo=32, routed)          0.856     9.091    segment/counter[0]_i_1_n_0
    SLICE_X2Y118         FDRE                                         r  segment/counter_reg[27]/R
  -------------------------------------------------------------------    -------------------

                         (clock sys_clk_pin rise edge)
                                                     10.000    10.000 r  
    V18                                               0.000    10.000 r  clk (IN)
                         net (fo=0)                   0.000    10.000    clk
    V18                  IBUF (Prop_ibuf_I_O)         1.413    11.413 r  clk_IBUF_inst/O
                         net (fo=1, routed)           1.868    13.281    clk_IBUF
    BUFGCTRL_X0Y0        BUFG (Prop_bufg_I_O)         0.091    13.372 r  clk_IBUF_BUFG_inst/O
                         net (fo=52, routed)          1.673    15.045    segment/clk_IBUF_BUFG
    SLICE_X2Y118         FDRE                                         r  segment/counter_reg[27]/C
                         clock pessimism              0.280    15.325    
                         clock uncertainty           -0.035    15.290    
    SLICE_X2Y118         FDRE (Setup_fdre_C_R)       -0.524    14.766    segment/counter_reg[27]
  -------------------------------------------------------------------
                         required time                         14.766    
                         arrival time                          -9.091    
  -------------------------------------------------------------------
                         slack                                  5.675    

Slack (MET) :             5.853ns  (required time - arrival time)
  Source:                 segment/counter_reg[23]/C
                            (rising edge-triggered cell FDRE clocked by sys_clk_pin  {rise@0.000ns fall@5.000ns period=10.000ns})
  Destination:            segment/counter_reg[20]/R
                            (rising edge-triggered cell FDRE clocked by sys_clk_pin  {rise@0.000ns fall@5.000ns period=10.000ns})
  Path Group:             sys_clk_pin
  Path Type:              Setup (Max at Slow Process Corner)
  Requirement:            10.000ns  (sys_clk_pin rise@10.000ns - sys_clk_pin rise@0.000ns)
  Data Path Delay:        3.588ns  (logic 0.890ns (24.806%)  route 2.698ns (75.194%))
  Logic Levels:           3  (LUT5=1 LUT6=2)
  Clock Path Skew:        0.000ns (DCD - SCD + CPR)
    Destination Clock Delay (DCD):    5.047ns = ( 15.047 - 10.000 ) 
    Source Clock Delay      (SCD):    5.351ns
    Clock Pessimism Removal (CPR):    0.304ns
  Clock Uncertainty:      0.035ns  ((TSJ^2 + TIJ^2)^1/2 + DJ) / 2 + PE
    Total System Jitter     (TSJ):    0.071ns
    Total Input Jitter      (TIJ):    0.000ns
    Discrete Jitter          (DJ):    0.000ns
    Phase Error              (PE):    0.000ns

    Location             Delay type                Incr(ns)  Path(ns)    Netlist Resource(s)
  -------------------------------------------------------------------    -------------------
                         (clock sys_clk_pin rise edge)
                                                      0.000     0.000 r  
    V18                                               0.000     0.000 r  clk (IN)
                         net (fo=0)                   0.000     0.000    clk
    V18                  IBUF (Prop_ibuf_I_O)         1.483     1.483 r  clk_IBUF_inst/O
                         net (fo=1, routed)           1.972     3.455    clk_IBUF
    BUFGCTRL_X0Y0        BUFG (Prop_bufg_I_O)         0.096     3.551 r  clk_IBUF_BUFG_inst/O
                         net (fo=52, routed)          1.800     5.351    segment/clk_IBUF_BUFG
    SLICE_X2Y117         FDRE                                         r  segment/counter_reg[23]/C
  -------------------------------------------------------------------    -------------------
    SLICE_X2Y117         FDRE (Prop_fdre_C_Q)         0.518     5.869 r  segment/counter_reg[23]/Q
                         net (fo=2, routed)           0.992     6.861    segment/counter_reg[23]
    SLICE_X3Y118         LUT6 (Prop_lut6_I2_O)        0.124     6.985 r  segment/seg_id[2]_i_4/O
                         net (fo=1, routed)           0.433     7.418    segment/seg_id[2]_i_4_n_0
    SLICE_X3Y118         LUT6 (Prop_lut6_I0_O)        0.124     7.542 r  segment/seg_id[2]_i_2/O
                         net (fo=4, routed)           0.569     8.110    segment/seg_id[2]_i_2_n_0
    SLICE_X3Y115         LUT5 (Prop_lut5_I1_O)        0.124     8.234 r  segment/counter[0]_i_1/O
                         net (fo=32, routed)          0.705     8.939    segment/counter[0]_i_1_n_0
    SLICE_X2Y117         FDRE                                         r  segment/counter_reg[20]/R
  -------------------------------------------------------------------    -------------------

                         (clock sys_clk_pin rise edge)
                                                     10.000    10.000 r  
    V18                                               0.000    10.000 r  clk (IN)
                         net (fo=0)                   0.000    10.000    clk
    V18                  IBUF (Prop_ibuf_I_O)         1.413    11.413 r  clk_IBUF_inst/O
                         net (fo=1, routed)           1.868    13.281    clk_IBUF
    BUFGCTRL_X0Y0        BUFG (Prop_bufg_I_O)         0.091    13.372 r  clk_IBUF_BUFG_inst/O
                         net (fo=52, routed)          1.675    15.047    segment/clk_IBUF_BUFG
    SLICE_X2Y117         FDRE                                         r  segment/counter_reg[20]/C
                         clock pessimism              0.304    15.351    
                         clock uncertainty           -0.035    15.316    
    SLICE_X2Y117         FDRE (Setup_fdre_C_R)       -0.524    14.792    segment/counter_reg[20]
  -------------------------------------------------------------------
                         required time                         14.792    
                         arrival time                          -8.939    
  -------------------------------------------------------------------
                         slack                                  5.853    

Slack (MET) :             5.853ns  (required time - arrival time)
  Source:                 segment/counter_reg[23]/C
                            (rising edge-triggered cell FDRE clocked by sys_clk_pin  {rise@0.000ns fall@5.000ns period=10.000ns})
  Destination:            segment/counter_reg[21]/R
                            (rising edge-triggered cell FDRE clocked by sys_clk_pin  {rise@0.000ns fall@5.000ns period=10.000ns})
  Path Group:             sys_clk_pin
  Path Type:              Setup (Max at Slow Process Corner)
  Requirement:            10.000ns  (sys_clk_pin rise@10.000ns - sys_clk_pin rise@0.000ns)
  Data Path Delay:        3.588ns  (logic 0.890ns (24.806%)  route 2.698ns (75.194%))
  Logic Levels:           3  (LUT5=1 LUT6=2)
  Clock Path Skew:        0.000ns (DCD - SCD + CPR)
    Destination Clock Delay (DCD):    5.047ns = ( 15.047 - 10.000 ) 
    Source Clock Delay      (SCD):    5.351ns
    Clock Pessimism Removal (CPR):    0.304ns
  Clock Uncertainty:      0.035ns  ((TSJ^2 + TIJ^2)^1/2 + DJ) / 2 + PE
    Total System Jitter     (TSJ):    0.071ns
    Total Input Jitter      (TIJ):    0.000ns
    Discrete Jitter          (DJ):    0.000ns
    Phase Error              (PE):    0.000ns

    Location             Delay type                Incr(ns)  Path(ns)    Netlist Resource(s)
  -------------------------------------------------------------------    -------------------
                         (clock sys_clk_pin rise edge)
                                                      0.000     0.000 r  
    V18                                               0.000     0.000 r  clk (IN)
                         net (fo=0)                   0.000     0.000    clk
    V18                  IBUF (Prop_ibuf_I_O)         1.483     1.483 r  clk_IBUF_inst/O
                         net (fo=1, routed)           1.972     3.455    clk_IBUF
    BUFGCTRL_X0Y0        BUFG (Prop_bufg_I_O)         0.096     3.551 r  clk_IBUF_BUFG_inst/O
                         net (fo=52, routed)          1.800     5.351    segment/clk_IBUF_BUFG
    SLICE_X2Y117         FDRE                                         r  segment/counter_reg[23]/C
  -------------------------------------------------------------------    -------------------
    SLICE_X2Y117         FDRE (Prop_fdre_C_Q)         0.518     5.869 r  segment/counter_reg[23]/Q
                         net (fo=2, routed)           0.992     6.861    segment/counter_reg[23]
    SLICE_X3Y118         LUT6 (Prop_lut6_I2_O)        0.124     6.985 r  segment/seg_id[2]_i_4/O
                         net (fo=1, routed)           0.433     7.418    segment/seg_id[2]_i_4_n_0
    SLICE_X3Y118         LUT6 (Prop_lut6_I0_O)        0.124     7.542 r  segment/seg_id[2]_i_2/O
                         net (fo=4, routed)           0.569     8.110    segment/seg_id[2]_i_2_n_0
    SLICE_X3Y115         LUT5 (Prop_lut5_I1_O)        0.124     8.234 r  segment/counter[0]_i_1/O
                         net (fo=32, routed)          0.705     8.939    segment/counter[0]_i_1_n_0
    SLICE_X2Y117         FDRE                                         r  segment/counter_reg[21]/R
  -------------------------------------------------------------------    -------------------

                         (clock sys_clk_pin rise edge)
                                                     10.000    10.000 r  
    V18                                               0.000    10.000 r  clk (IN)
                         net (fo=0)                   0.000    10.000    clk
    V18                  IBUF (Prop_ibuf_I_O)         1.413    11.413 r  clk_IBUF_inst/O
                         net (fo=1, routed)           1.868    13.281    clk_IBUF
    BUFGCTRL_X0Y0        BUFG (Prop_bufg_I_O)         0.091    13.372 r  clk_IBUF_BUFG_inst/O
                         net (fo=52, routed)          1.675    15.047    segment/clk_IBUF_BUFG
    SLICE_X2Y117         FDRE                                         r  segment/counter_reg[21]/C
                         clock pessimism              0.304    15.351    
                         clock uncertainty           -0.035    15.316    
    SLICE_X2Y117         FDRE (Setup_fdre_C_R)       -0.524    14.792    segment/counter_reg[21]
  -------------------------------------------------------------------
                         required time                         14.792    
                         arrival time                          -8.939    
  -------------------------------------------------------------------
                         slack                                  5.853    





Min Delay Paths
--------------------------------------------------------------------------------------
Slack (MET) :             0.166ns  (arrival time - required time)
  Source:                 mul2/product_reg[3]/C
                            (rising edge-triggered cell FDRE clocked by sys_clk_pin  {rise@0.000ns fall@5.000ns period=10.000ns})
  Destination:            mul2/product_reg[2]/D
                            (rising edge-triggered cell FDRE clocked by sys_clk_pin  {rise@0.000ns fall@5.000ns period=10.000ns})
  Path Group:             sys_clk_pin
  Path Type:              Hold (Min at Fast Process Corner)
  Requirement:            0.000ns  (sys_clk_pin rise@0.000ns - sys_clk_pin rise@0.000ns)
  Data Path Delay:        0.300ns  (logic 0.186ns (62.067%)  route 0.114ns (37.933%))
  Logic Levels:           1  (LUT4=1)
  Clock Path Skew:        0.013ns (DCD - SCD - CPR)
    Destination Clock Delay (DCD):    2.091ns
    Source Clock Delay      (SCD):    1.573ns
    Clock Pessimism Removal (CPR):    0.504ns

    Location             Delay type                Incr(ns)  Path(ns)    Netlist Resource(s)
  -------------------------------------------------------------------    -------------------
                         (clock sys_clk_pin rise edge)
                                                      0.000     0.000 r  
    V18                                               0.000     0.000 r  clk (IN)
                         net (fo=0)                   0.000     0.000    clk
    V18                  IBUF (Prop_ibuf_I_O)         0.251     0.251 r  clk_IBUF_inst/O
                         net (fo=1, routed)           0.634     0.885    clk_IBUF
    BUFGCTRL_X0Y0        BUFG (Prop_bufg_I_O)         0.026     0.911 r  clk_IBUF_BUFG_inst/O
                         net (fo=52, routed)          0.662     1.573    mul2/clk_IBUF_BUFG
    SLICE_X0Y125         FDRE                                         r  mul2/product_reg[3]/C
  -------------------------------------------------------------------    -------------------
    SLICE_X0Y125         FDRE (Prop_fdre_C_Q)         0.141     1.714 r  mul2/product_reg[3]/Q
                         net (fo=2, routed)           0.114     1.828    mul2/product[3]
    SLICE_X2Y125         LUT4 (Prop_lut4_I0_O)        0.045     1.873 r  mul2/product[2]_i_1/O
                         net (fo=1, routed)           0.000     1.873    mul2/product[2]_i_1_n_0
    SLICE_X2Y125         FDRE                                         r  mul2/product_reg[2]/D
  -------------------------------------------------------------------    -------------------

                         (clock sys_clk_pin rise edge)
                                                      0.000     0.000 r  
    V18                                               0.000     0.000 r  clk (IN)
                         net (fo=0)                   0.000     0.000    clk
    V18                  IBUF (Prop_ibuf_I_O)         0.439     0.439 r  clk_IBUF_inst/O
                         net (fo=1, routed)           0.689     1.127    clk_IBUF
    BUFGCTRL_X0Y0        BUFG (Prop_bufg_I_O)         0.029     1.156 r  clk_IBUF_BUFG_inst/O
                         net (fo=52, routed)          0.934     2.091    mul2/clk_IBUF_BUFG
    SLICE_X2Y125         FDRE                                         r  mul2/product_reg[2]/C
                         clock pessimism             -0.504     1.586    
    SLICE_X2Y125         FDRE (Hold_fdre_C_D)         0.121     1.707    mul2/product_reg[2]
  -------------------------------------------------------------------
                         required time                         -1.707    
                         arrival time                           1.873    
  -------------------------------------------------------------------
                         slack                                  0.166    

Slack (MET) :             0.195ns  (arrival time - required time)
  Source:                 mul2/FSM_onehot_current_state_reg[3]/C
                            (rising edge-triggered cell FDRE clocked by sys_clk_pin  {rise@0.000ns fall@5.000ns period=10.000ns})
  Destination:            mul2/FSM_onehot_current_state_reg[0]/D
                            (rising edge-triggered cell FDSE clocked by sys_clk_pin  {rise@0.000ns fall@5.000ns period=10.000ns})
  Path Group:             sys_clk_pin
  Path Type:              Hold (Min at Fast Process Corner)
  Requirement:            0.000ns  (sys_clk_pin rise@0.000ns - sys_clk_pin rise@0.000ns)
  Data Path Delay:        0.255ns  (logic 0.164ns (64.245%)  route 0.091ns (35.755%))
  Logic Levels:           0  
  Clock Path Skew:        0.000ns (DCD - SCD - CPR)
    Destination Clock Delay (DCD):    2.091ns
    Source Clock Delay      (SCD):    1.573ns
    Clock Pessimism Removal (CPR):    0.517ns

    Location             Delay type                Incr(ns)  Path(ns)    Netlist Resource(s)
  -------------------------------------------------------------------    -------------------
                         (clock sys_clk_pin rise edge)
                                                      0.000     0.000 r  
    V18                                               0.000     0.000 r  clk (IN)
                         net (fo=0)                   0.000     0.000    clk
    V18                  IBUF (Prop_ibuf_I_O)         0.251     0.251 r  clk_IBUF_inst/O
                         net (fo=1, routed)           0.634     0.885    clk_IBUF
    BUFGCTRL_X0Y0        BUFG (Prop_bufg_I_O)         0.026     0.911 r  clk_IBUF_BUFG_inst/O
                         net (fo=52, routed)          0.662     1.573    mul2/clk_IBUF_BUFG
    SLICE_X2Y124         FDRE                                         r  mul2/FSM_onehot_current_state_reg[3]/C
  -------------------------------------------------------------------    -------------------
    SLICE_X2Y124         FDRE (Prop_fdre_C_Q)         0.164     1.737 r  mul2/FSM_onehot_current_state_reg[3]/Q
                         net (fo=10, routed)          0.091     1.828    mul2/FSM_onehot_current_state_reg_n_0_[3]
    SLICE_X2Y124         FDSE                                         r  mul2/FSM_onehot_current_state_reg[0]/D
  -------------------------------------------------------------------    -------------------

                         (clock sys_clk_pin rise edge)
                                                      0.000     0.000 r  
    V18                                               0.000     0.000 r  clk (IN)
                         net (fo=0)                   0.000     0.000    clk
    V18                  IBUF (Prop_ibuf_I_O)         0.439     0.439 r  clk_IBUF_inst/O
                         net (fo=1, routed)           0.689     1.127    clk_IBUF
    BUFGCTRL_X0Y0        BUFG (Prop_bufg_I_O)         0.029     1.156 r  clk_IBUF_BUFG_inst/O
                         net (fo=52, routed)          0.934     2.091    mul2/clk_IBUF_BUFG
    SLICE_X2Y124         FDSE                                         r  mul2/FSM_onehot_current_state_reg[0]/C
                         clock pessimism             -0.517     1.573    
    SLICE_X2Y124         FDSE (Hold_fdse_C_D)         0.060     1.633    mul2/FSM_onehot_current_state_reg[0]
  -------------------------------------------------------------------
                         required time                         -1.633    
                         arrival time                           1.828    
  -------------------------------------------------------------------
                         slack                                  0.195    

Slack (MET) :             0.216ns  (arrival time - required time)
  Source:                 mul2/multiplicand_reg[1]/C
                            (rising edge-triggered cell FDRE clocked by sys_clk_pin  {rise@0.000ns fall@5.000ns period=10.000ns})
  Destination:            mul2/product_reg[4]/D
                            (rising edge-triggered cell FDRE clocked by sys_clk_pin  {rise@0.000ns fall@5.000ns period=10.000ns})
  Path Group:             sys_clk_pin
  Path Type:              Hold (Min at Fast Process Corner)
  Requirement:            0.000ns  (sys_clk_pin rise@0.000ns - sys_clk_pin rise@0.000ns)
  Data Path Delay:        0.342ns  (logic 0.186ns (54.406%)  route 0.156ns (45.594%))
  Logic Levels:           1  (LUT6=1)
  Clock Path Skew:        0.034ns (DCD - SCD - CPR)
    Destination Clock Delay (DCD):    2.091ns
    Source Clock Delay      (SCD):    1.573ns
    Clock Pessimism Removal (CPR):    0.483ns

    Location             Delay type                Incr(ns)  Path(ns)    Netlist Resource(s)
  -------------------------------------------------------------------    -------------------
                         (clock sys_clk_pin rise edge)
                                                      0.000     0.000 r  
    V18                                               0.000     0.000 r  clk (IN)
                         net (fo=0)                   0.000     0.000    clk
    V18                  IBUF (Prop_ibuf_I_O)         0.251     0.251 r  clk_IBUF_inst/O
                         net (fo=1, routed)           0.634     0.885    clk_IBUF
    BUFGCTRL_X0Y0        BUFG (Prop_bufg_I_O)         0.026     0.911 r  clk_IBUF_BUFG_inst/O
                         net (fo=52, routed)          0.662     1.573    mul2/clk_IBUF_BUFG
    SLICE_X0Y124         FDRE                                         r  mul2/multiplicand_reg[1]/C
  -------------------------------------------------------------------    -------------------
    SLICE_X0Y124         FDRE (Prop_fdre_C_Q)         0.141     1.714 r  mul2/multiplicand_reg[1]/Q
                         net (fo=2, routed)           0.156     1.870    mul2/multiplicand_reg_n_0_[1]
    SLICE_X0Y125         LUT6 (Prop_lut6_I2_O)        0.045     1.915 r  mul2/product[4]_i_1/O
                         net (fo=1, routed)           0.000     1.915    mul2/product[4]_i_1_n_0
    SLICE_X0Y125         FDRE                                         r  mul2/product_reg[4]/D
  -------------------------------------------------------------------    -------------------

                         (clock sys_clk_pin rise edge)
                                                      0.000     0.000 r  
    V18                                               0.000     0.000 r  clk (IN)
                         net (fo=0)                   0.000     0.000    clk
    V18                  IBUF (Prop_ibuf_I_O)         0.439     0.439 r  clk_IBUF_inst/O
                         net (fo=1, routed)           0.689     1.127    clk_IBUF
    BUFGCTRL_X0Y0        BUFG (Prop_bufg_I_O)         0.029     1.156 r  clk_IBUF_BUFG_inst/O
                         net (fo=52, routed)          0.934     2.091    mul2/clk_IBUF_BUFG
    SLICE_X0Y125         FDRE                                         r  mul2/product_reg[4]/C
                         clock pessimism             -0.483     1.607    
    SLICE_X0Y125         FDRE (Hold_fdre_C_D)         0.092     1.699    mul2/product_reg[4]
  -------------------------------------------------------------------
                         required time                         -1.699    
                         arrival time                           1.915    
  -------------------------------------------------------------------
                         slack                                  0.216    

Slack (MET) :             0.245ns  (arrival time - required time)
  Source:                 mul2/FSM_onehot_current_state_reg[0]/C
                            (rising edge-triggered cell FDSE clocked by sys_clk_pin  {rise@0.000ns fall@5.000ns period=10.000ns})
  Destination:            mul2/FSM_onehot_current_state_reg[3]/D
                            (rising edge-triggered cell FDRE clocked by sys_clk_pin  {rise@0.000ns fall@5.000ns period=10.000ns})
  Path Group:             sys_clk_pin
  Path Type:              Hold (Min at Fast Process Corner)
  Requirement:            0.000ns  (sys_clk_pin rise@0.000ns - sys_clk_pin rise@0.000ns)
  Data Path Delay:        0.365ns  (logic 0.246ns (67.395%)  route 0.119ns (32.605%))
  Logic Levels:           1  (LUT3=1)
  Clock Path Skew:        0.000ns (DCD - SCD - CPR)
    Destination Clock Delay (DCD):    2.091ns
    Source Clock Delay      (SCD):    1.573ns
    Clock Pessimism Removal (CPR):    0.517ns

    Location             Delay type                Incr(ns)  Path(ns)    Netlist Resource(s)
  -------------------------------------------------------------------    -------------------
                         (clock sys_clk_pin rise edge)
                                                      0.000     0.000 r  
    V18                                               0.000     0.000 r  clk (IN)
                         net (fo=0)                   0.000     0.000    clk
    V18                  IBUF (Prop_ibuf_I_O)         0.251     0.251 r  clk_IBUF_inst/O
                         net (fo=1, routed)           0.634     0.885    clk_IBUF
    BUFGCTRL_X0Y0        BUFG (Prop_bufg_I_O)         0.026     0.911 r  clk_IBUF_BUFG_inst/O
                         net (fo=52, routed)          0.662     1.573    mul2/clk_IBUF_BUFG
    SLICE_X2Y124         FDSE                                         r  mul2/FSM_onehot_current_state_reg[0]/C
  -------------------------------------------------------------------    -------------------
    SLICE_X2Y124         FDSE (Prop_fdse_C_Q)         0.148     1.721 f  mul2/FSM_onehot_current_state_reg[0]/Q
                         net (fo=6, routed)           0.119     1.840    mul2/FSM_onehot_current_state_reg_n_0_[0]
    SLICE_X2Y124         LUT3 (Prop_lut3_I2_O)        0.098     1.938 r  mul2/FSM_onehot_current_state[3]_i_2/O
                         net (fo=1, routed)           0.000     1.938    mul2/FSM_onehot_current_state[3]_i_2_n_0
    SLICE_X2Y124         FDRE                                         r  mul2/FSM_onehot_current_state_reg[3]/D
  -------------------------------------------------------------------    -------------------

                         (clock sys_clk_pin rise edge)
                                                      0.000     0.000 r  
    V18                                               0.000     0.000 r  clk (IN)
                         net (fo=0)                   0.000     0.000    clk
    V18                  IBUF (Prop_ibuf_I_O)         0.439     0.439 r  clk_IBUF_inst/O
                         net (fo=1, routed)           0.689     1.127    clk_IBUF
    BUFGCTRL_X0Y0        BUFG (Prop_bufg_I_O)         0.029     1.156 r  clk_IBUF_BUFG_inst/O
                         net (fo=52, routed)          0.934     2.091    mul2/clk_IBUF_BUFG
    SLICE_X2Y124         FDRE                                         r  mul2/FSM_onehot_current_state_reg[3]/C
                         clock pessimism             -0.517     1.573    
    SLICE_X2Y124         FDRE (Hold_fdre_C_D)         0.120     1.693    mul2/FSM_onehot_current_state_reg[3]
  -------------------------------------------------------------------
                         required time                         -1.693    
                         arrival time                           1.938    
  -------------------------------------------------------------------
                         slack                                  0.245    

Slack (MET) :             0.246ns  (arrival time - required time)
  Source:                 mul2/shift_times_reg[0]/C
                            (rising edge-triggered cell FDRE clocked by sys_clk_pin  {rise@0.000ns fall@5.000ns period=10.000ns})
  Destination:            mul2/shift_times_reg[2]/D
                            (rising edge-triggered cell FDRE clocked by sys_clk_pin  {rise@0.000ns fall@5.000ns period=10.000ns})
  Path Group:             sys_clk_pin
  Path Type:              Hold (Min at Fast Process Corner)
  Requirement:            0.000ns  (sys_clk_pin rise@0.000ns - sys_clk_pin rise@0.000ns)
  Data Path Delay:        0.353ns  (logic 0.184ns (52.094%)  route 0.169ns (47.906%))
  Logic Levels:           1  (LUT5=1)
  Clock Path Skew:        0.000ns (DCD - SCD - CPR)
    Destination Clock Delay (DCD):    2.091ns
    Source Clock Delay      (SCD):    1.573ns
    Clock Pessimism Removal (CPR):    0.517ns

    Location             Delay type                Incr(ns)  Path(ns)    Netlist Resource(s)
  -------------------------------------------------------------------    -------------------
                         (clock sys_clk_pin rise edge)
                                                      0.000     0.000 r  
    V18                                               0.000     0.000 r  clk (IN)
                         net (fo=0)                   0.000     0.000    clk
    V18                  IBUF (Prop_ibuf_I_O)         0.251     0.251 r  clk_IBUF_inst/O
                         net (fo=1, routed)           0.634     0.885    clk_IBUF
    BUFGCTRL_X0Y0        BUFG (Prop_bufg_I_O)         0.026     0.911 r  clk_IBUF_BUFG_inst/O
                         net (fo=52, routed)          0.662     1.573    mul2/clk_IBUF_BUFG
    SLICE_X3Y124         FDRE                                         r  mul2/shift_times_reg[0]/C
  -------------------------------------------------------------------    -------------------
    SLICE_X3Y124         FDRE (Prop_fdre_C_Q)         0.141     1.714 r  mul2/shift_times_reg[0]/Q
                         net (fo=4, routed)           0.169     1.883    mul2/shift_times[0]
    SLICE_X3Y124         LUT5 (Prop_lut5_I2_O)        0.043     1.926 r  mul2/shift_times[2]_i_1/O
                         net (fo=1, routed)           0.000     1.926    mul2/shift_times[2]_i_1_n_0
    SLICE_X3Y124         FDRE                                         r  mul2/shift_times_reg[2]/D
  -------------------------------------------------------------------    -------------------

                         (clock sys_clk_pin rise edge)
                                                      0.000     0.000 r  
    V18                                               0.000     0.000 r  clk (IN)
                         net (fo=0)                   0.000     0.000    clk
    V18                  IBUF (Prop_ibuf_I_O)         0.439     0.439 r  clk_IBUF_inst/O
                         net (fo=1, routed)           0.689     1.127    clk_IBUF
    BUFGCTRL_X0Y0        BUFG (Prop_bufg_I_O)         0.029     1.156 r  clk_IBUF_BUFG_inst/O
                         net (fo=52, routed)          0.934     2.091    mul2/clk_IBUF_BUFG
    SLICE_X3Y124         FDRE                                         r  mul2/shift_times_reg[2]/C
                         clock pessimism             -0.517     1.573    
    SLICE_X3Y124         FDRE (Hold_fdre_C_D)         0.107     1.680    mul2/shift_times_reg[2]
  -------------------------------------------------------------------
                         required time                         -1.680    
                         arrival time                           1.926    
  -------------------------------------------------------------------
                         slack                                  0.246    

Slack (MET) :             0.254ns  (arrival time - required time)
  Source:                 segment/counter_reg[2]/C
                            (rising edge-triggered cell FDRE clocked by sys_clk_pin  {rise@0.000ns fall@5.000ns period=10.000ns})
  Destination:            segment/counter_reg[2]/D
                            (rising edge-triggered cell FDRE clocked by sys_clk_pin  {rise@0.000ns fall@5.000ns period=10.000ns})
  Path Group:             sys_clk_pin
  Path Type:              Hold (Min at Fast Process Corner)
  Requirement:            0.000ns  (sys_clk_pin rise@0.000ns - sys_clk_pin rise@0.000ns)
  Data Path Delay:        0.388ns  (logic 0.274ns (70.550%)  route 0.114ns (29.450%))
  Logic Levels:           1  (CARRY4=1)
  Clock Path Skew:        0.000ns (DCD - SCD - CPR)
    Destination Clock Delay (DCD):    2.103ns
    Source Clock Delay      (SCD):    1.583ns
    Clock Pessimism Removal (CPR):    0.519ns

    Location             Delay type                Incr(ns)  Path(ns)    Netlist Resource(s)
  -------------------------------------------------------------------    -------------------
                         (clock sys_clk_pin rise edge)
                                                      0.000     0.000 r  
    V18                                               0.000     0.000 r  clk (IN)
                         net (fo=0)                   0.000     0.000    clk
    V18                  IBUF (Prop_ibuf_I_O)         0.251     0.251 r  clk_IBUF_inst/O
                         net (fo=1, routed)           0.634     0.885    clk_IBUF
    BUFGCTRL_X0Y0        BUFG (Prop_bufg_I_O)         0.026     0.911 r  clk_IBUF_BUFG_inst/O
                         net (fo=52, routed)          0.672     1.583    segment/clk_IBUF_BUFG
    SLICE_X2Y112         FDRE                                         r  segment/counter_reg[2]/C
  -------------------------------------------------------------------    -------------------
    SLICE_X2Y112         FDRE (Prop_fdre_C_Q)         0.164     1.747 r  segment/counter_reg[2]/Q
                         net (fo=1, routed)           0.114     1.861    segment/counter_reg_n_0_[2]
    SLICE_X2Y112         CARRY4 (Prop_carry4_S[2]_O[2])
                                                      0.110     1.971 r  segment/counter_reg[0]_i_2/O[2]
                         net (fo=1, routed)           0.000     1.971    segment/counter_reg[0]_i_2_n_5
    SLICE_X2Y112         FDRE                                         r  segment/counter_reg[2]/D
  -------------------------------------------------------------------    -------------------

                         (clock sys_clk_pin rise edge)
                                                      0.000     0.000 r  
    V18                                               0.000     0.000 r  clk (IN)
                         net (fo=0)                   0.000     0.000    clk
    V18                  IBUF (Prop_ibuf_I_O)         0.439     0.439 r  clk_IBUF_inst/O
                         net (fo=1, routed)           0.689     1.127    clk_IBUF
    BUFGCTRL_X0Y0        BUFG (Prop_bufg_I_O)         0.029     1.156 r  clk_IBUF_BUFG_inst/O
                         net (fo=52, routed)          0.946     2.103    segment/clk_IBUF_BUFG
    SLICE_X2Y112         FDRE                                         r  segment/counter_reg[2]/C
                         clock pessimism             -0.519     1.583    
    SLICE_X2Y112         FDRE (Hold_fdre_C_D)         0.134     1.717    segment/counter_reg[2]
  -------------------------------------------------------------------
                         required time                         -1.717    
                         arrival time                           1.971    
  -------------------------------------------------------------------
                         slack                                  0.254    

Slack (MET) :             0.262ns  (arrival time - required time)
  Source:                 mul2/shift_times_reg[0]/C
                            (rising edge-triggered cell FDRE clocked by sys_clk_pin  {rise@0.000ns fall@5.000ns period=10.000ns})
  Destination:            mul2/shift_times_reg[0]/D
                            (rising edge-triggered cell FDRE clocked by sys_clk_pin  {rise@0.000ns fall@5.000ns period=10.000ns})
  Path Group:             sys_clk_pin
  Path Type:              Hold (Min at Fast Process Corner)
  Requirement:            0.000ns  (sys_clk_pin rise@0.000ns - sys_clk_pin rise@0.000ns)
  Data Path Delay:        0.353ns  (logic 0.186ns (52.660%)  route 0.167ns (47.340%))
  Logic Levels:           1  (LUT3=1)
  Clock Path Skew:        0.000ns (DCD - SCD - CPR)
    Destination Clock Delay (DCD):    2.091ns
    Source Clock Delay      (SCD):    1.573ns
    Clock Pessimism Removal (CPR):    0.517ns

    Location             Delay type                Incr(ns)  Path(ns)    Netlist Resource(s)
  -------------------------------------------------------------------    -------------------
                         (clock sys_clk_pin rise edge)
                                                      0.000     0.000 r  
    V18                                               0.000     0.000 r  clk (IN)
                         net (fo=0)                   0.000     0.000    clk
    V18                  IBUF (Prop_ibuf_I_O)         0.251     0.251 r  clk_IBUF_inst/O
                         net (fo=1, routed)           0.634     0.885    clk_IBUF
    BUFGCTRL_X0Y0        BUFG (Prop_bufg_I_O)         0.026     0.911 r  clk_IBUF_BUFG_inst/O
                         net (fo=52, routed)          0.662     1.573    mul2/clk_IBUF_BUFG
    SLICE_X3Y124         FDRE                                         r  mul2/shift_times_reg[0]/C
  -------------------------------------------------------------------    -------------------
    SLICE_X3Y124         FDRE (Prop_fdre_C_Q)         0.141     1.714 r  mul2/shift_times_reg[0]/Q
                         net (fo=4, routed)           0.167     1.881    mul2/shift_times[0]
    SLICE_X3Y124         LUT3 (Prop_lut3_I0_O)        0.045     1.926 r  mul2/shift_times[0]_i_1/O
                         net (fo=1, routed)           0.000     1.926    mul2/shift_times[0]_i_1_n_0
    SLICE_X3Y124         FDRE                                         r  mul2/shift_times_reg[0]/D
  -------------------------------------------------------------------    -------------------

                         (clock sys_clk_pin rise edge)
                                                      0.000     0.000 r  
    V18                                               0.000     0.000 r  clk (IN)
                         net (fo=0)                   0.000     0.000    clk
    V18                  IBUF (Prop_ibuf_I_O)         0.439     0.439 r  clk_IBUF_inst/O
                         net (fo=1, routed)           0.689     1.127    clk_IBUF
    BUFGCTRL_X0Y0        BUFG (Prop_bufg_I_O)         0.029     1.156 r  clk_IBUF_BUFG_inst/O
                         net (fo=52, routed)          0.934     2.091    mul2/clk_IBUF_BUFG
    SLICE_X3Y124         FDRE                                         r  mul2/shift_times_reg[0]/C
                         clock pessimism             -0.517     1.573    
    SLICE_X3Y124         FDRE (Hold_fdre_C_D)         0.091     1.664    mul2/shift_times_reg[0]
  -------------------------------------------------------------------
                         required time                         -1.664    
                         arrival time                           1.926    
  -------------------------------------------------------------------
                         slack                                  0.262    

Slack (MET) :             0.263ns  (arrival time - required time)
  Source:                 mul2/shift_times_reg[0]/C
                            (rising edge-triggered cell FDRE clocked by sys_clk_pin  {rise@0.000ns fall@5.000ns period=10.000ns})
  Destination:            mul2/shift_times_reg[1]/D
                            (rising edge-triggered cell FDRE clocked by sys_clk_pin  {rise@0.000ns fall@5.000ns period=10.000ns})
  Path Group:             sys_clk_pin
  Path Type:              Hold (Min at Fast Process Corner)
  Requirement:            0.000ns  (sys_clk_pin rise@0.000ns - sys_clk_pin rise@0.000ns)
  Data Path Delay:        0.355ns  (logic 0.186ns (52.364%)  route 0.169ns (47.636%))
  Logic Levels:           1  (LUT4=1)
  Clock Path Skew:        0.000ns (DCD - SCD - CPR)
    Destination Clock Delay (DCD):    2.091ns
    Source Clock Delay      (SCD):    1.573ns
    Clock Pessimism Removal (CPR):    0.517ns

    Location             Delay type                Incr(ns)  Path(ns)    Netlist Resource(s)
  -------------------------------------------------------------------    -------------------
                         (clock sys_clk_pin rise edge)
                                                      0.000     0.000 r  
    V18                                               0.000     0.000 r  clk (IN)
                         net (fo=0)                   0.000     0.000    clk
    V18                  IBUF (Prop_ibuf_I_O)         0.251     0.251 r  clk_IBUF_inst/O
                         net (fo=1, routed)           0.634     0.885    clk_IBUF
    BUFGCTRL_X0Y0        BUFG (Prop_bufg_I_O)         0.026     0.911 r  clk_IBUF_BUFG_inst/O
                         net (fo=52, routed)          0.662     1.573    mul2/clk_IBUF_BUFG
    SLICE_X3Y124         FDRE                                         r  mul2/shift_times_reg[0]/C
  -------------------------------------------------------------------    -------------------
    SLICE_X3Y124         FDRE (Prop_fdre_C_Q)         0.141     1.714 r  mul2/shift_times_reg[0]/Q
                         net (fo=4, routed)           0.169     1.883    mul2/shift_times[0]
    SLICE_X3Y124         LUT4 (Prop_lut4_I2_O)        0.045     1.928 r  mul2/shift_times[1]_i_1/O
                         net (fo=1, routed)           0.000     1.928    mul2/shift_times[1]_i_1_n_0
    SLICE_X3Y124         FDRE                                         r  mul2/shift_times_reg[1]/D
  -------------------------------------------------------------------    -------------------

                         (clock sys_clk_pin rise edge)
                                                      0.000     0.000 r  
    V18                                               0.000     0.000 r  clk (IN)
                         net (fo=0)                   0.000     0.000    clk
    V18                  IBUF (Prop_ibuf_I_O)         0.439     0.439 r  clk_IBUF_inst/O
                         net (fo=1, routed)           0.689     1.127    clk_IBUF
    BUFGCTRL_X0Y0        BUFG (Prop_bufg_I_O)         0.029     1.156 r  clk_IBUF_BUFG_inst/O
                         net (fo=52, routed)          0.934     2.091    mul2/clk_IBUF_BUFG
    SLICE_X3Y124         FDRE                                         r  mul2/shift_times_reg[1]/C
                         clock pessimism             -0.517     1.573    
    SLICE_X3Y124         FDRE (Hold_fdre_C_D)         0.092     1.665    mul2/shift_times_reg[1]
  -------------------------------------------------------------------
                         required time                         -1.665    
                         arrival time                           1.928    
  -------------------------------------------------------------------
                         slack                                  0.263    

Slack (MET) :             0.265ns  (arrival time - required time)
  Source:                 segment/counter_reg[10]/C
                            (rising edge-triggered cell FDRE clocked by sys_clk_pin  {rise@0.000ns fall@5.000ns period=10.000ns})
  Destination:            segment/counter_reg[10]/D
                            (rising edge-triggered cell FDRE clocked by sys_clk_pin  {rise@0.000ns fall@5.000ns period=10.000ns})
  Path Group:             sys_clk_pin
  Path Type:              Hold (Min at Fast Process Corner)
  Requirement:            0.000ns  (sys_clk_pin rise@0.000ns - sys_clk_pin rise@0.000ns)
  Data Path Delay:        0.399ns  (logic 0.274ns (68.589%)  route 0.125ns (31.411%))
  Logic Levels:           1  (CARRY4=1)
  Clock Path Skew:        0.000ns (DCD - SCD - CPR)
    Destination Clock Delay (DCD):    2.102ns
    Source Clock Delay      (SCD):    1.582ns
    Clock Pessimism Removal (CPR):    0.519ns

    Location             Delay type                Incr(ns)  Path(ns)    Netlist Resource(s)
  -------------------------------------------------------------------    -------------------
                         (clock sys_clk_pin rise edge)
                                                      0.000     0.000 r  
    V18                                               0.000     0.000 r  clk (IN)
                         net (fo=0)                   0.000     0.000    clk
    V18                  IBUF (Prop_ibuf_I_O)         0.251     0.251 r  clk_IBUF_inst/O
                         net (fo=1, routed)           0.634     0.885    clk_IBUF
    BUFGCTRL_X0Y0        BUFG (Prop_bufg_I_O)         0.026     0.911 r  clk_IBUF_BUFG_inst/O
                         net (fo=52, routed)          0.671     1.582    segment/clk_IBUF_BUFG
    SLICE_X2Y114         FDRE                                         r  segment/counter_reg[10]/C
  -------------------------------------------------------------------    -------------------
    SLICE_X2Y114         FDRE (Prop_fdre_C_Q)         0.164     1.746 r  segment/counter_reg[10]/Q
                         net (fo=2, routed)           0.125     1.872    segment/counter_reg[10]
    SLICE_X2Y114         CARRY4 (Prop_carry4_S[2]_O[2])
                                                      0.110     1.982 r  segment/counter_reg[8]_i_1/O[2]
                         net (fo=1, routed)           0.000     1.982    segment/counter_reg[8]_i_1_n_5
    SLICE_X2Y114         FDRE                                         r  segment/counter_reg[10]/D
  -------------------------------------------------------------------    -------------------

                         (clock sys_clk_pin rise edge)
                                                      0.000     0.000 r  
    V18                                               0.000     0.000 r  clk (IN)
                         net (fo=0)                   0.000     0.000    clk
    V18                  IBUF (Prop_ibuf_I_O)         0.439     0.439 r  clk_IBUF_inst/O
                         net (fo=1, routed)           0.689     1.127    clk_IBUF
    BUFGCTRL_X0Y0        BUFG (Prop_bufg_I_O)         0.029     1.156 r  clk_IBUF_BUFG_inst/O
                         net (fo=52, routed)          0.945     2.102    segment/clk_IBUF_BUFG
    SLICE_X2Y114         FDRE                                         r  segment/counter_reg[10]/C
                         clock pessimism             -0.519     1.582    
    SLICE_X2Y114         FDRE (Hold_fdre_C_D)         0.134     1.716    segment/counter_reg[10]
  -------------------------------------------------------------------
                         required time                         -1.716    
                         arrival time                           1.982    
  -------------------------------------------------------------------
                         slack                                  0.265    

Slack (MET) :             0.266ns  (arrival time - required time)
  Source:                 segment/counter_reg[26]/C
                            (rising edge-triggered cell FDRE clocked by sys_clk_pin  {rise@0.000ns fall@5.000ns period=10.000ns})
  Destination:            segment/counter_reg[26]/D
                            (rising edge-triggered cell FDRE clocked by sys_clk_pin  {rise@0.000ns fall@5.000ns period=10.000ns})
  Path Group:             sys_clk_pin
  Path Type:              Hold (Min at Fast Process Corner)
  Requirement:            0.000ns  (sys_clk_pin rise@0.000ns - sys_clk_pin rise@0.000ns)
  Data Path Delay:        0.400ns  (logic 0.274ns (68.524%)  route 0.126ns (31.476%))
  Logic Levels:           1  (CARRY4=1)
  Clock Path Skew:        0.000ns (DCD - SCD - CPR)
    Destination Clock Delay (DCD):    2.098ns
    Source Clock Delay      (SCD):    1.579ns
    Clock Pessimism Removal (CPR):    0.518ns

    Location             Delay type                Incr(ns)  Path(ns)    Netlist Resource(s)
  -------------------------------------------------------------------    -------------------
                         (clock sys_clk_pin rise edge)
                                                      0.000     0.000 r  
    V18                                               0.000     0.000 r  clk (IN)
                         net (fo=0)                   0.000     0.000    clk
    V18                  IBUF (Prop_ibuf_I_O)         0.251     0.251 r  clk_IBUF_inst/O
                         net (fo=1, routed)           0.634     0.885    clk_IBUF
    BUFGCTRL_X0Y0        BUFG (Prop_bufg_I_O)         0.026     0.911 r  clk_IBUF_BUFG_inst/O
                         net (fo=52, routed)          0.668     1.579    segment/clk_IBUF_BUFG
    SLICE_X2Y118         FDRE                                         r  segment/counter_reg[26]/C
  -------------------------------------------------------------------    -------------------
    SLICE_X2Y118         FDRE (Prop_fdre_C_Q)         0.164     1.743 r  segment/counter_reg[26]/Q
                         net (fo=2, routed)           0.126     1.869    segment/counter_reg[26]
    SLICE_X2Y118         CARRY4 (Prop_carry4_S[2]_O[2])
                                                      0.110     1.979 r  segment/counter_reg[24]_i_1/O[2]
                         net (fo=1, routed)           0.000     1.979    segment/counter_reg[24]_i_1_n_5
    SLICE_X2Y118         FDRE                                         r  segment/counter_reg[26]/D
  -------------------------------------------------------------------    -------------------

                         (clock sys_clk_pin rise edge)
                                                      0.000     0.000 r  
    V18                                               0.000     0.000 r  clk (IN)
                         net (fo=0)                   0.000     0.000    clk
    V18                  IBUF (Prop_ibuf_I_O)         0.439     0.439 r  clk_IBUF_inst/O
                         net (fo=1, routed)           0.689     1.127    clk_IBUF
    BUFGCTRL_X0Y0        BUFG (Prop_bufg_I_O)         0.029     1.156 r  clk_IBUF_BUFG_inst/O
                         net (fo=52, routed)          0.941     2.098    segment/clk_IBUF_BUFG
    SLICE_X2Y118         FDRE                                         r  segment/counter_reg[26]/C
                         clock pessimism             -0.518     1.579    
    SLICE_X2Y118         FDRE (Hold_fdre_C_D)         0.134     1.713    segment/counter_reg[26]
  -------------------------------------------------------------------
                         required time                         -1.713    
                         arrival time                           1.979    
  -------------------------------------------------------------------
                         slack                                  0.266    





Pulse Width Checks
--------------------------------------------------------------------------------------
Clock Name:         sys_clk_pin
Waveform(ns):       { 0.000 5.000 }
Period(ns):         10.000
Sources:            { clk }

Check Type        Corner  Lib Pin  Reference Pin  Required(ns)  Actual(ns)  Slack(ns)  Location       Pin
Min Period        n/a     BUFG/I   n/a            2.155         10.000      7.845      BUFGCTRL_X0Y0  clk_IBUF_BUFG_inst/I
Min Period        n/a     FDSE/C   n/a            1.000         10.000      9.000      SLICE_X2Y124   mul2/FSM_onehot_current_state_reg[0]/C
Min Period        n/a     FDRE/C   n/a            1.000         10.000      9.000      SLICE_X2Y124   mul2/FSM_onehot_current_state_reg[1]/C
Min Period        n/a     FDRE/C   n/a            1.000         10.000      9.000      SLICE_X2Y124   mul2/FSM_onehot_current_state_reg[2]/C
Min Period        n/a     FDRE/C   n/a            1.000         10.000      9.000      SLICE_X2Y124   mul2/FSM_onehot_current_state_reg[3]/C
Min Period        n/a     FDRE/C   n/a            1.000         10.000      9.000      SLICE_X0Y124   mul2/multiplicand_reg[0]/C
Min Period        n/a     FDRE/C   n/a            1.000         10.000      9.000      SLICE_X0Y124   mul2/multiplicand_reg[1]/C
Min Period        n/a     FDRE/C   n/a            1.000         10.000      9.000      SLICE_X0Y124   mul2/multiplicand_reg[2]/C
Min Period        n/a     FDRE/C   n/a            1.000         10.000      9.000      SLICE_X0Y125   mul2/product_reg[0]/C
Min Period        n/a     FDRE/C   n/a            1.000         10.000      9.000      SLICE_X2Y125   mul2/product_reg[1]/C
Low Pulse Width   Fast    FDSE/C   n/a            0.500         5.000       4.500      SLICE_X2Y124   mul2/FSM_onehot_current_state_reg[0]/C
Low Pulse Width   Fast    FDRE/C   n/a            0.500         5.000       4.500      SLICE_X2Y124   mul2/FSM_onehot_current_state_reg[1]/C
Low Pulse Width   Fast    FDRE/C   n/a            0.500         5.000       4.500      SLICE_X2Y124   mul2/FSM_onehot_current_state_reg[2]/C
Low Pulse Width   Fast    FDRE/C   n/a            0.500         5.000       4.500      SLICE_X2Y124   mul2/FSM_onehot_current_state_reg[3]/C
Low Pulse Width   Fast    FDRE/C   n/a            0.500         5.000       4.500      SLICE_X0Y124   mul2/multiplicand_reg[0]/C
Low Pulse Width   Fast    FDRE/C   n/a            0.500         5.000       4.500      SLICE_X0Y124   mul2/multiplicand_reg[1]/C
Low Pulse Width   Fast    FDRE/C   n/a            0.500         5.000       4.500      SLICE_X0Y124   mul2/multiplicand_reg[2]/C
Low Pulse Width   Fast    FDRE/C   n/a            0.500         5.000       4.500      SLICE_X0Y125   mul2/product_reg[0]/C
Low Pulse Width   Fast    FDRE/C   n/a            0.500         5.000       4.500      SLICE_X2Y125   mul2/product_reg[1]/C
Low Pulse Width   Fast    FDRE/C   n/a            0.500         5.000       4.500      SLICE_X2Y125   mul2/product_reg[2]/C
High Pulse Width  Slow    FDSE/C   n/a            0.500         5.000       4.500      SLICE_X2Y124   mul2/FSM_onehot_current_state_reg[0]/C
High Pulse Width  Slow    FDRE/C   n/a            0.500         5.000       4.500      SLICE_X2Y124   mul2/FSM_onehot_current_state_reg[1]/C
High Pulse Width  Slow    FDRE/C   n/a            0.500         5.000       4.500      SLICE_X2Y124   mul2/FSM_onehot_current_state_reg[2]/C
High Pulse Width  Slow    FDRE/C   n/a            0.500         5.000       4.500      SLICE_X2Y124   mul2/FSM_onehot_current_state_reg[3]/C
High Pulse Width  Slow    FDRE/C   n/a            0.500         5.000       4.500      SLICE_X0Y124   mul2/multiplicand_reg[0]/C
High Pulse Width  Slow    FDRE/C   n/a            0.500         5.000       4.500      SLICE_X0Y124   mul2/multiplicand_reg[1]/C
High Pulse Width  Slow    FDRE/C   n/a            0.500         5.000       4.500      SLICE_X0Y124   mul2/multiplicand_reg[2]/C
High Pulse Width  Slow    FDRE/C   n/a            0.500         5.000       4.500      SLICE_X0Y125   mul2/product_reg[0]/C
High Pulse Width  Slow    FDRE/C   n/a            0.500         5.000       4.500      SLICE_X2Y125   mul2/product_reg[1]/C
High Pulse Width  Slow    FDRE/C   n/a            0.500         5.000       4.500      SLICE_X2Y125   mul2/product_reg[2]/C



