Copyright 1986-2019 Xilinx, Inc. All Rights Reserved.
--------------------------------------------------------------------------------------------------------------------------------------------------------------------------------------------
| Tool Version : Vivado v.2019.1 (lin64) Build 2552052 Fri May 24 14:47:09 MDT 2019
| Date         : Fri Nov 22 00:13:23 2024
| Host         : VM9690-1 running 64-bit Ubuntu 22.04.4 LTS
| Command      : report_timing_summary -max_paths 10 -file MUL_top_timing_summary_routed.rpt -pb MUL_top_timing_summary_routed.pb -rpx MUL_top_timing_summary_routed.rpx -warn_on_violation
| Design       : MUL_top
| Device       : 7a35t-fgg484
| Speed File   : -1  PRODUCTION 1.23 2018-06-13
--------------------------------------------------------------------------------------------------------------------------------------------------------------------------------------------

Timing Summary Report

------------------------------------------------------------------------------------------------
| Timer Settings
| --------------
------------------------------------------------------------------------------------------------

  Enable Multi Corner Analysis               :  Yes
  Enable Pessimism Removal                   :  Yes
  Pessimism Removal Resolution               :  Nearest Common Node
  Enable Input Delay Default Clock           :  No
  Enable Preset / Clear Arcs                 :  No
  Disable Flight Delays                      :  No
  Ignore I/O Paths                           :  No
  Timing Early Launch at Borrowing Latches   :  No
  Borrow Time for Max Delay Exceptions       :  Yes

  Corner  Analyze    Analyze    
  Name    Max Paths  Min Paths  
  ------  ---------  ---------  
  Slow    Yes        Yes        
  Fast    Yes        Yes        



check_timing report

Table of Contents
-----------------
1. checking no_clock
2. checking constant_clock
3. checking pulse_width_clock
4. checking unconstrained_internal_endpoints
5. checking no_input_delay
6. checking no_output_delay
7. checking multiple_clock
8. checking generated_clocks
9. checking loops
10. checking partial_input_delay
11. checking partial_output_delay
12. checking latch_loops

1. checking no_clock
--------------------
 There are 0 register/latch pins with no clock.


2. checking constant_clock
--------------------------
 There are 0 register/latch pins with constant_clock.


3. checking pulse_width_clock
-----------------------------
 There are 0 register/latch pins which need pulse_width check


4. checking unconstrained_internal_endpoints
--------------------------------------------
 There are 0 pins that are not constrained for maximum delay.

 There are 0 pins that are not constrained for maximum delay due to constant clock.


5. checking no_input_delay
--------------------------
 There are 8 input ports with no input delay specified. (HIGH)

 There are 0 input ports with no input delay but user has a false path constraint.


6. checking no_output_delay
---------------------------
 There are 13 ports with no output delay specified. (HIGH)

 There are 0 ports with no output delay but user has a false path constraint

 There are 0 ports with no output delay but with a timing clock defined on it or propagating through it


7. checking multiple_clock
--------------------------
 There are 0 register/latch pins with multiple clocks.


8. checking generated_clocks
----------------------------
 There are 0 generated clocks that are not connected to a clock source.


9. checking loops
-----------------
 There are 0 combinational loops in the design.


10. checking partial_input_delay
--------------------------------
 There are 0 input ports with partial input delay specified.


11. checking partial_output_delay
---------------------------------
 There are 0 ports with partial output delay specified.


12. checking latch_loops
------------------------
 There are 0 combinational latch loops in the design through latch input



------------------------------------------------------------------------------------------------
| Design Timing Summary
| ---------------------
------------------------------------------------------------------------------------------------

    WNS(ns)      TNS(ns)  TNS Failing Endpoints  TNS Total Endpoints      WHS(ns)      THS(ns)  THS Failing Endpoints  THS Total Endpoints     WPWS(ns)     TPWS(ns)  TPWS Failing Endpoints  TPWS Total Endpoints  
    -------      -------  ---------------------  -------------------      -------      -------  ---------------------  -------------------     --------     --------  ----------------------  --------------------  
      5.681        0.000                      0                   79        0.252        0.000                      0                   79        4.500        0.000                       0                    54  


All user specified timing constraints are met.


------------------------------------------------------------------------------------------------
| Clock Summary
| -------------
------------------------------------------------------------------------------------------------

Clock        Waveform(ns)       Period(ns)      Frequency(MHz)
-----        ------------       ----------      --------------
sys_clk_pin  {0.000 5.000}      10.000          100.000         


------------------------------------------------------------------------------------------------
| Intra Clock Table
| -----------------
------------------------------------------------------------------------------------------------

Clock             WNS(ns)      TNS(ns)  TNS Failing Endpoints  TNS Total Endpoints      WHS(ns)      THS(ns)  THS Failing Endpoints  THS Total Endpoints     WPWS(ns)     TPWS(ns)  TPWS Failing Endpoints  TPWS Total Endpoints  
-----             -------      -------  ---------------------  -------------------      -------      -------  ---------------------  -------------------     --------     --------  ----------------------  --------------------  
sys_clk_pin         5.681        0.000                      0                   79        0.252        0.000                      0                   79        4.500        0.000                       0                    54  


------------------------------------------------------------------------------------------------
| Inter Clock Table
| -----------------
------------------------------------------------------------------------------------------------

From Clock    To Clock          WNS(ns)      TNS(ns)  TNS Failing Endpoints  TNS Total Endpoints      WHS(ns)      THS(ns)  THS Failing Endpoints  THS Total Endpoints  
----------    --------          -------      -------  ---------------------  -------------------      -------      -------  ---------------------  -------------------  


------------------------------------------------------------------------------------------------
| Other Path Groups Table
| -----------------------
------------------------------------------------------------------------------------------------

Path Group    From Clock    To Clock          WNS(ns)      TNS(ns)  TNS Failing Endpoints  TNS Total Endpoints      WHS(ns)      THS(ns)  THS Failing Endpoints  THS Total Endpoints  
----------    ----------    --------          -------      -------  ---------------------  -------------------      -------      -------  ---------------------  -------------------  


------------------------------------------------------------------------------------------------
| Timing Details
| --------------
------------------------------------------------------------------------------------------------


---------------------------------------------------------------------------------------------------
From Clock:  sys_clk_pin
  To Clock:  sys_clk_pin

Setup :            0  Failing Endpoints,  Worst Slack        5.681ns,  Total Violation        0.000ns
Hold  :            0  Failing Endpoints,  Worst Slack        0.252ns,  Total Violation        0.000ns
PW    :            0  Failing Endpoints,  Worst Slack        4.500ns,  Total Violation        0.000ns
---------------------------------------------------------------------------------------------------


Max Delay Paths
--------------------------------------------------------------------------------------
Slack (MET) :             5.681ns  (required time - arrival time)
  Source:                 segment/counter_reg[9]/C
                            (rising edge-triggered cell FDRE clocked by sys_clk_pin  {rise@0.000ns fall@5.000ns period=10.000ns})
  Destination:            segment/counter_reg[0]/R
                            (rising edge-triggered cell FDRE clocked by sys_clk_pin  {rise@0.000ns fall@5.000ns period=10.000ns})
  Path Group:             sys_clk_pin
  Path Type:              Setup (Max at Slow Process Corner)
  Requirement:            10.000ns  (sys_clk_pin rise@10.000ns - sys_clk_pin rise@0.000ns)
  Data Path Delay:        3.831ns  (logic 0.828ns (21.613%)  route 3.003ns (78.387%))
  Logic Levels:           3  (LUT6=3)
  Clock Path Skew:        -0.024ns (DCD - SCD + CPR)
    Destination Clock Delay (DCD):    5.053ns = ( 15.053 - 10.000 ) 
    Source Clock Delay      (SCD):    5.357ns
    Clock Pessimism Removal (CPR):    0.280ns
  Clock Uncertainty:      0.035ns  ((TSJ^2 + TIJ^2)^1/2 + DJ) / 2 + PE
    Total System Jitter     (TSJ):    0.071ns
    Total Input Jitter      (TIJ):    0.000ns
    Discrete Jitter          (DJ):    0.000ns
    Phase Error              (PE):    0.000ns

    Location             Delay type                Incr(ns)  Path(ns)    Netlist Resource(s)
  -------------------------------------------------------------------    -------------------
                         (clock sys_clk_pin rise edge)
                                                      0.000     0.000 r  
    V18                                               0.000     0.000 r  clk (IN)
                         net (fo=0)                   0.000     0.000    clk
    V18                  IBUF (Prop_ibuf_I_O)         1.483     1.483 r  clk_IBUF_inst/O
                         net (fo=1, routed)           1.972     3.455    clk_IBUF
    BUFGCTRL_X0Y0        BUFG (Prop_bufg_I_O)         0.096     3.551 r  clk_IBUF_BUFG_inst/O
                         net (fo=53, routed)          1.806     5.357    segment/clk_IBUF_BUFG
    SLICE_X3Y111         FDRE                                         r  segment/counter_reg[9]/C
  -------------------------------------------------------------------    -------------------
    SLICE_X3Y111         FDRE (Prop_fdre_C_Q)         0.456     5.813 r  segment/counter_reg[9]/Q
                         net (fo=2, routed)           0.881     6.694    segment/counter_reg[9]
    SLICE_X2Y110         LUT6 (Prop_lut6_I1_O)        0.124     6.818 r  segment/seg_id[2]_i_4/O
                         net (fo=2, routed)           0.427     7.245    segment/seg_id[2]_i_4_n_0
    SLICE_X2Y112         LUT6 (Prop_lut6_I5_O)        0.124     7.369 r  segment/seg_id[0]_i_2/O
                         net (fo=2, routed)           0.964     8.333    segment/seg_id[0]_i_2_n_0
    SLICE_X2Y116         LUT6 (Prop_lut6_I3_O)        0.124     8.457 r  segment/counter[0]_i_1/O
                         net (fo=32, routed)          0.731     9.188    segment/counter[0]_i_1_n_0
    SLICE_X3Y109         FDRE                                         r  segment/counter_reg[0]/R
  -------------------------------------------------------------------    -------------------

                         (clock sys_clk_pin rise edge)
                                                     10.000    10.000 r  
    V18                                               0.000    10.000 r  clk (IN)
                         net (fo=0)                   0.000    10.000    clk
    V18                  IBUF (Prop_ibuf_I_O)         1.413    11.413 r  clk_IBUF_inst/O
                         net (fo=1, routed)           1.868    13.281    clk_IBUF
    BUFGCTRL_X0Y0        BUFG (Prop_bufg_I_O)         0.091    13.372 r  clk_IBUF_BUFG_inst/O
                         net (fo=53, routed)          1.681    15.053    segment/clk_IBUF_BUFG
    SLICE_X3Y109         FDRE                                         r  segment/counter_reg[0]/C
                         clock pessimism              0.280    15.333    
                         clock uncertainty           -0.035    15.298    
    SLICE_X3Y109         FDRE (Setup_fdre_C_R)       -0.429    14.869    segment/counter_reg[0]
  -------------------------------------------------------------------
                         required time                         14.869    
                         arrival time                          -9.188    
  -------------------------------------------------------------------
                         slack                                  5.681    

Slack (MET) :             5.681ns  (required time - arrival time)
  Source:                 segment/counter_reg[9]/C
                            (rising edge-triggered cell FDRE clocked by sys_clk_pin  {rise@0.000ns fall@5.000ns period=10.000ns})
  Destination:            segment/counter_reg[1]/R
                            (rising edge-triggered cell FDRE clocked by sys_clk_pin  {rise@0.000ns fall@5.000ns period=10.000ns})
  Path Group:             sys_clk_pin
  Path Type:              Setup (Max at Slow Process Corner)
  Requirement:            10.000ns  (sys_clk_pin rise@10.000ns - sys_clk_pin rise@0.000ns)
  Data Path Delay:        3.831ns  (logic 0.828ns (21.613%)  route 3.003ns (78.387%))
  Logic Levels:           3  (LUT6=3)
  Clock Path Skew:        -0.024ns (DCD - SCD + CPR)
    Destination Clock Delay (DCD):    5.053ns = ( 15.053 - 10.000 ) 
    Source Clock Delay      (SCD):    5.357ns
    Clock Pessimism Removal (CPR):    0.280ns
  Clock Uncertainty:      0.035ns  ((TSJ^2 + TIJ^2)^1/2 + DJ) / 2 + PE
    Total System Jitter     (TSJ):    0.071ns
    Total Input Jitter      (TIJ):    0.000ns
    Discrete Jitter          (DJ):    0.000ns
    Phase Error              (PE):    0.000ns

    Location             Delay type                Incr(ns)  Path(ns)    Netlist Resource(s)
  -------------------------------------------------------------------    -------------------
                         (clock sys_clk_pin rise edge)
                                                      0.000     0.000 r  
    V18                                               0.000     0.000 r  clk (IN)
                         net (fo=0)                   0.000     0.000    clk
    V18                  IBUF (Prop_ibuf_I_O)         1.483     1.483 r  clk_IBUF_inst/O
                         net (fo=1, routed)           1.972     3.455    clk_IBUF
    BUFGCTRL_X0Y0        BUFG (Prop_bufg_I_O)         0.096     3.551 r  clk_IBUF_BUFG_inst/O
                         net (fo=53, routed)          1.806     5.357    segment/clk_IBUF_BUFG
    SLICE_X3Y111         FDRE                                         r  segment/counter_reg[9]/C
  -------------------------------------------------------------------    -------------------
    SLICE_X3Y111         FDRE (Prop_fdre_C_Q)         0.456     5.813 r  segment/counter_reg[9]/Q
                         net (fo=2, routed)           0.881     6.694    segment/counter_reg[9]
    SLICE_X2Y110         LUT6 (Prop_lut6_I1_O)        0.124     6.818 r  segment/seg_id[2]_i_4/O
                         net (fo=2, routed)           0.427     7.245    segment/seg_id[2]_i_4_n_0
    SLICE_X2Y112         LUT6 (Prop_lut6_I5_O)        0.124     7.369 r  segment/seg_id[0]_i_2/O
                         net (fo=2, routed)           0.964     8.333    segment/seg_id[0]_i_2_n_0
    SLICE_X2Y116         LUT6 (Prop_lut6_I3_O)        0.124     8.457 r  segment/counter[0]_i_1/O
                         net (fo=32, routed)          0.731     9.188    segment/counter[0]_i_1_n_0
    SLICE_X3Y109         FDRE                                         r  segment/counter_reg[1]/R
  -------------------------------------------------------------------    -------------------

                         (clock sys_clk_pin rise edge)
                                                     10.000    10.000 r  
    V18                                               0.000    10.000 r  clk (IN)
                         net (fo=0)                   0.000    10.000    clk
    V18                  IBUF (Prop_ibuf_I_O)         1.413    11.413 r  clk_IBUF_inst/O
                         net (fo=1, routed)           1.868    13.281    clk_IBUF
    BUFGCTRL_X0Y0        BUFG (Prop_bufg_I_O)         0.091    13.372 r  clk_IBUF_BUFG_inst/O
                         net (fo=53, routed)          1.681    15.053    segment/clk_IBUF_BUFG
    SLICE_X3Y109         FDRE                                         r  segment/counter_reg[1]/C
                         clock pessimism              0.280    15.333    
                         clock uncertainty           -0.035    15.298    
    SLICE_X3Y109         FDRE (Setup_fdre_C_R)       -0.429    14.869    segment/counter_reg[1]
  -------------------------------------------------------------------
                         required time                         14.869    
                         arrival time                          -9.188    
  -------------------------------------------------------------------
                         slack                                  5.681    

Slack (MET) :             5.681ns  (required time - arrival time)
  Source:                 segment/counter_reg[9]/C
                            (rising edge-triggered cell FDRE clocked by sys_clk_pin  {rise@0.000ns fall@5.000ns period=10.000ns})
  Destination:            segment/counter_reg[2]/R
                            (rising edge-triggered cell FDRE clocked by sys_clk_pin  {rise@0.000ns fall@5.000ns period=10.000ns})
  Path Group:             sys_clk_pin
  Path Type:              Setup (Max at Slow Process Corner)
  Requirement:            10.000ns  (sys_clk_pin rise@10.000ns - sys_clk_pin rise@0.000ns)
  Data Path Delay:        3.831ns  (logic 0.828ns (21.613%)  route 3.003ns (78.387%))
  Logic Levels:           3  (LUT6=3)
  Clock Path Skew:        -0.024ns (DCD - SCD + CPR)
    Destination Clock Delay (DCD):    5.053ns = ( 15.053 - 10.000 ) 
    Source Clock Delay      (SCD):    5.357ns
    Clock Pessimism Removal (CPR):    0.280ns
  Clock Uncertainty:      0.035ns  ((TSJ^2 + TIJ^2)^1/2 + DJ) / 2 + PE
    Total System Jitter     (TSJ):    0.071ns
    Total Input Jitter      (TIJ):    0.000ns
    Discrete Jitter          (DJ):    0.000ns
    Phase Error              (PE):    0.000ns

    Location             Delay type                Incr(ns)  Path(ns)    Netlist Resource(s)
  -------------------------------------------------------------------    -------------------
                         (clock sys_clk_pin rise edge)
                                                      0.000     0.000 r  
    V18                                               0.000     0.000 r  clk (IN)
                         net (fo=0)                   0.000     0.000    clk
    V18                  IBUF (Prop_ibuf_I_O)         1.483     1.483 r  clk_IBUF_inst/O
                         net (fo=1, routed)           1.972     3.455    clk_IBUF
    BUFGCTRL_X0Y0        BUFG (Prop_bufg_I_O)         0.096     3.551 r  clk_IBUF_BUFG_inst/O
                         net (fo=53, routed)          1.806     5.357    segment/clk_IBUF_BUFG
    SLICE_X3Y111         FDRE                                         r  segment/counter_reg[9]/C
  -------------------------------------------------------------------    -------------------
    SLICE_X3Y111         FDRE (Prop_fdre_C_Q)         0.456     5.813 r  segment/counter_reg[9]/Q
                         net (fo=2, routed)           0.881     6.694    segment/counter_reg[9]
    SLICE_X2Y110         LUT6 (Prop_lut6_I1_O)        0.124     6.818 r  segment/seg_id[2]_i_4/O
                         net (fo=2, routed)           0.427     7.245    segment/seg_id[2]_i_4_n_0
    SLICE_X2Y112         LUT6 (Prop_lut6_I5_O)        0.124     7.369 r  segment/seg_id[0]_i_2/O
                         net (fo=2, routed)           0.964     8.333    segment/seg_id[0]_i_2_n_0
    SLICE_X2Y116         LUT6 (Prop_lut6_I3_O)        0.124     8.457 r  segment/counter[0]_i_1/O
                         net (fo=32, routed)          0.731     9.188    segment/counter[0]_i_1_n_0
    SLICE_X3Y109         FDRE                                         r  segment/counter_reg[2]/R
  -------------------------------------------------------------------    -------------------

                         (clock sys_clk_pin rise edge)
                                                     10.000    10.000 r  
    V18                                               0.000    10.000 r  clk (IN)
                         net (fo=0)                   0.000    10.000    clk
    V18                  IBUF (Prop_ibuf_I_O)         1.413    11.413 r  clk_IBUF_inst/O
                         net (fo=1, routed)           1.868    13.281    clk_IBUF
    BUFGCTRL_X0Y0        BUFG (Prop_bufg_I_O)         0.091    13.372 r  clk_IBUF_BUFG_inst/O
                         net (fo=53, routed)          1.681    15.053    segment/clk_IBUF_BUFG
    SLICE_X3Y109         FDRE                                         r  segment/counter_reg[2]/C
                         clock pessimism              0.280    15.333    
                         clock uncertainty           -0.035    15.298    
    SLICE_X3Y109         FDRE (Setup_fdre_C_R)       -0.429    14.869    segment/counter_reg[2]
  -------------------------------------------------------------------
                         required time                         14.869    
                         arrival time                          -9.188    
  -------------------------------------------------------------------
                         slack                                  5.681    

Slack (MET) :             5.681ns  (required time - arrival time)
  Source:                 segment/counter_reg[9]/C
                            (rising edge-triggered cell FDRE clocked by sys_clk_pin  {rise@0.000ns fall@5.000ns period=10.000ns})
  Destination:            segment/counter_reg[3]/R
                            (rising edge-triggered cell FDRE clocked by sys_clk_pin  {rise@0.000ns fall@5.000ns period=10.000ns})
  Path Group:             sys_clk_pin
  Path Type:              Setup (Max at Slow Process Corner)
  Requirement:            10.000ns  (sys_clk_pin rise@10.000ns - sys_clk_pin rise@0.000ns)
  Data Path Delay:        3.831ns  (logic 0.828ns (21.613%)  route 3.003ns (78.387%))
  Logic Levels:           3  (LUT6=3)
  Clock Path Skew:        -0.024ns (DCD - SCD + CPR)
    Destination Clock Delay (DCD):    5.053ns = ( 15.053 - 10.000 ) 
    Source Clock Delay      (SCD):    5.357ns
    Clock Pessimism Removal (CPR):    0.280ns
  Clock Uncertainty:      0.035ns  ((TSJ^2 + TIJ^2)^1/2 + DJ) / 2 + PE
    Total System Jitter     (TSJ):    0.071ns
    Total Input Jitter      (TIJ):    0.000ns
    Discrete Jitter          (DJ):    0.000ns
    Phase Error              (PE):    0.000ns

    Location             Delay type                Incr(ns)  Path(ns)    Netlist Resource(s)
  -------------------------------------------------------------------    -------------------
                         (clock sys_clk_pin rise edge)
                                                      0.000     0.000 r  
    V18                                               0.000     0.000 r  clk (IN)
                         net (fo=0)                   0.000     0.000    clk
    V18                  IBUF (Prop_ibuf_I_O)         1.483     1.483 r  clk_IBUF_inst/O
                         net (fo=1, routed)           1.972     3.455    clk_IBUF
    BUFGCTRL_X0Y0        BUFG (Prop_bufg_I_O)         0.096     3.551 r  clk_IBUF_BUFG_inst/O
                         net (fo=53, routed)          1.806     5.357    segment/clk_IBUF_BUFG
    SLICE_X3Y111         FDRE                                         r  segment/counter_reg[9]/C
  -------------------------------------------------------------------    -------------------
    SLICE_X3Y111         FDRE (Prop_fdre_C_Q)         0.456     5.813 r  segment/counter_reg[9]/Q
                         net (fo=2, routed)           0.881     6.694    segment/counter_reg[9]
    SLICE_X2Y110         LUT6 (Prop_lut6_I1_O)        0.124     6.818 r  segment/seg_id[2]_i_4/O
                         net (fo=2, routed)           0.427     7.245    segment/seg_id[2]_i_4_n_0
    SLICE_X2Y112         LUT6 (Prop_lut6_I5_O)        0.124     7.369 r  segment/seg_id[0]_i_2/O
                         net (fo=2, routed)           0.964     8.333    segment/seg_id[0]_i_2_n_0
    SLICE_X2Y116         LUT6 (Prop_lut6_I3_O)        0.124     8.457 r  segment/counter[0]_i_1/O
                         net (fo=32, routed)          0.731     9.188    segment/counter[0]_i_1_n_0
    SLICE_X3Y109         FDRE                                         r  segment/counter_reg[3]/R
  -------------------------------------------------------------------    -------------------

                         (clock sys_clk_pin rise edge)
                                                     10.000    10.000 r  
    V18                                               0.000    10.000 r  clk (IN)
                         net (fo=0)                   0.000    10.000    clk
    V18                  IBUF (Prop_ibuf_I_O)         1.413    11.413 r  clk_IBUF_inst/O
                         net (fo=1, routed)           1.868    13.281    clk_IBUF
    BUFGCTRL_X0Y0        BUFG (Prop_bufg_I_O)         0.091    13.372 r  clk_IBUF_BUFG_inst/O
                         net (fo=53, routed)          1.681    15.053    segment/clk_IBUF_BUFG
    SLICE_X3Y109         FDRE                                         r  segment/counter_reg[3]/C
                         clock pessimism              0.280    15.333    
                         clock uncertainty           -0.035    15.298    
    SLICE_X3Y109         FDRE (Setup_fdre_C_R)       -0.429    14.869    segment/counter_reg[3]
  -------------------------------------------------------------------
                         required time                         14.869    
                         arrival time                          -9.188    
  -------------------------------------------------------------------
                         slack                                  5.681    

Slack (MET) :             5.686ns  (required time - arrival time)
  Source:                 segment/counter_reg[9]/C
                            (rising edge-triggered cell FDRE clocked by sys_clk_pin  {rise@0.000ns fall@5.000ns period=10.000ns})
  Destination:            segment/counter_reg[12]/R
                            (rising edge-triggered cell FDRE clocked by sys_clk_pin  {rise@0.000ns fall@5.000ns period=10.000ns})
  Path Group:             sys_clk_pin
  Path Type:              Setup (Max at Slow Process Corner)
  Requirement:            10.000ns  (sys_clk_pin rise@10.000ns - sys_clk_pin rise@0.000ns)
  Data Path Delay:        3.823ns  (logic 0.828ns (21.657%)  route 2.995ns (78.343%))
  Logic Levels:           3  (LUT6=3)
  Clock Path Skew:        -0.026ns (DCD - SCD + CPR)
    Destination Clock Delay (DCD):    5.051ns = ( 15.051 - 10.000 ) 
    Source Clock Delay      (SCD):    5.357ns
    Clock Pessimism Removal (CPR):    0.280ns
  Clock Uncertainty:      0.035ns  ((TSJ^2 + TIJ^2)^1/2 + DJ) / 2 + PE
    Total System Jitter     (TSJ):    0.071ns
    Total Input Jitter      (TIJ):    0.000ns
    Discrete Jitter          (DJ):    0.000ns
    Phase Error              (PE):    0.000ns

    Location             Delay type                Incr(ns)  Path(ns)    Netlist Resource(s)
  -------------------------------------------------------------------    -------------------
                         (clock sys_clk_pin rise edge)
                                                      0.000     0.000 r  
    V18                                               0.000     0.000 r  clk (IN)
                         net (fo=0)                   0.000     0.000    clk
    V18                  IBUF (Prop_ibuf_I_O)         1.483     1.483 r  clk_IBUF_inst/O
                         net (fo=1, routed)           1.972     3.455    clk_IBUF
    BUFGCTRL_X0Y0        BUFG (Prop_bufg_I_O)         0.096     3.551 r  clk_IBUF_BUFG_inst/O
                         net (fo=53, routed)          1.806     5.357    segment/clk_IBUF_BUFG
    SLICE_X3Y111         FDRE                                         r  segment/counter_reg[9]/C
  -------------------------------------------------------------------    -------------------
    SLICE_X3Y111         FDRE (Prop_fdre_C_Q)         0.456     5.813 r  segment/counter_reg[9]/Q
                         net (fo=2, routed)           0.881     6.694    segment/counter_reg[9]
    SLICE_X2Y110         LUT6 (Prop_lut6_I1_O)        0.124     6.818 r  segment/seg_id[2]_i_4/O
                         net (fo=2, routed)           0.427     7.245    segment/seg_id[2]_i_4_n_0
    SLICE_X2Y112         LUT6 (Prop_lut6_I5_O)        0.124     7.369 r  segment/seg_id[0]_i_2/O
                         net (fo=2, routed)           0.964     8.333    segment/seg_id[0]_i_2_n_0
    SLICE_X2Y116         LUT6 (Prop_lut6_I3_O)        0.124     8.457 r  segment/counter[0]_i_1/O
                         net (fo=32, routed)          0.724     9.180    segment/counter[0]_i_1_n_0
    SLICE_X3Y112         FDRE                                         r  segment/counter_reg[12]/R
  -------------------------------------------------------------------    -------------------

                         (clock sys_clk_pin rise edge)
                                                     10.000    10.000 r  
    V18                                               0.000    10.000 r  clk (IN)
                         net (fo=0)                   0.000    10.000    clk
    V18                  IBUF (Prop_ibuf_I_O)         1.413    11.413 r  clk_IBUF_inst/O
                         net (fo=1, routed)           1.868    13.281    clk_IBUF
    BUFGCTRL_X0Y0        BUFG (Prop_bufg_I_O)         0.091    13.372 r  clk_IBUF_BUFG_inst/O
                         net (fo=53, routed)          1.679    15.051    segment/clk_IBUF_BUFG
    SLICE_X3Y112         FDRE                                         r  segment/counter_reg[12]/C
                         clock pessimism              0.280    15.331    
                         clock uncertainty           -0.035    15.296    
    SLICE_X3Y112         FDRE (Setup_fdre_C_R)       -0.429    14.867    segment/counter_reg[12]
  -------------------------------------------------------------------
                         required time                         14.867    
                         arrival time                          -9.180    
  -------------------------------------------------------------------
                         slack                                  5.686    

Slack (MET) :             5.686ns  (required time - arrival time)
  Source:                 segment/counter_reg[9]/C
                            (rising edge-triggered cell FDRE clocked by sys_clk_pin  {rise@0.000ns fall@5.000ns period=10.000ns})
  Destination:            segment/counter_reg[13]/R
                            (rising edge-triggered cell FDRE clocked by sys_clk_pin  {rise@0.000ns fall@5.000ns period=10.000ns})
  Path Group:             sys_clk_pin
  Path Type:              Setup (Max at Slow Process Corner)
  Requirement:            10.000ns  (sys_clk_pin rise@10.000ns - sys_clk_pin rise@0.000ns)
  Data Path Delay:        3.823ns  (logic 0.828ns (21.657%)  route 2.995ns (78.343%))
  Logic Levels:           3  (LUT6=3)
  Clock Path Skew:        -0.026ns (DCD - SCD + CPR)
    Destination Clock Delay (DCD):    5.051ns = ( 15.051 - 10.000 ) 
    Source Clock Delay      (SCD):    5.357ns
    Clock Pessimism Removal (CPR):    0.280ns
  Clock Uncertainty:      0.035ns  ((TSJ^2 + TIJ^2)^1/2 + DJ) / 2 + PE
    Total System Jitter     (TSJ):    0.071ns
    Total Input Jitter      (TIJ):    0.000ns
    Discrete Jitter          (DJ):    0.000ns
    Phase Error              (PE):    0.000ns

    Location             Delay type                Incr(ns)  Path(ns)    Netlist Resource(s)
  -------------------------------------------------------------------    -------------------
                         (clock sys_clk_pin rise edge)
                                                      0.000     0.000 r  
    V18                                               0.000     0.000 r  clk (IN)
                         net (fo=0)                   0.000     0.000    clk
    V18                  IBUF (Prop_ibuf_I_O)         1.483     1.483 r  clk_IBUF_inst/O
                         net (fo=1, routed)           1.972     3.455    clk_IBUF
    BUFGCTRL_X0Y0        BUFG (Prop_bufg_I_O)         0.096     3.551 r  clk_IBUF_BUFG_inst/O
                         net (fo=53, routed)          1.806     5.357    segment/clk_IBUF_BUFG
    SLICE_X3Y111         FDRE                                         r  segment/counter_reg[9]/C
  -------------------------------------------------------------------    -------------------
    SLICE_X3Y111         FDRE (Prop_fdre_C_Q)         0.456     5.813 r  segment/counter_reg[9]/Q
                         net (fo=2, routed)           0.881     6.694    segment/counter_reg[9]
    SLICE_X2Y110         LUT6 (Prop_lut6_I1_O)        0.124     6.818 r  segment/seg_id[2]_i_4/O
                         net (fo=2, routed)           0.427     7.245    segment/seg_id[2]_i_4_n_0
    SLICE_X2Y112         LUT6 (Prop_lut6_I5_O)        0.124     7.369 r  segment/seg_id[0]_i_2/O
                         net (fo=2, routed)           0.964     8.333    segment/seg_id[0]_i_2_n_0
    SLICE_X2Y116         LUT6 (Prop_lut6_I3_O)        0.124     8.457 r  segment/counter[0]_i_1/O
                         net (fo=32, routed)          0.724     9.180    segment/counter[0]_i_1_n_0
    SLICE_X3Y112         FDRE                                         r  segment/counter_reg[13]/R
  -------------------------------------------------------------------    -------------------

                         (clock sys_clk_pin rise edge)
                                                     10.000    10.000 r  
    V18                                               0.000    10.000 r  clk (IN)
                         net (fo=0)                   0.000    10.000    clk
    V18                  IBUF (Prop_ibuf_I_O)         1.413    11.413 r  clk_IBUF_inst/O
                         net (fo=1, routed)           1.868    13.281    clk_IBUF
    BUFGCTRL_X0Y0        BUFG (Prop_bufg_I_O)         0.091    13.372 r  clk_IBUF_BUFG_inst/O
                         net (fo=53, routed)          1.679    15.051    segment/clk_IBUF_BUFG
    SLICE_X3Y112         FDRE                                         r  segment/counter_reg[13]/C
                         clock pessimism              0.280    15.331    
                         clock uncertainty           -0.035    15.296    
    SLICE_X3Y112         FDRE (Setup_fdre_C_R)       -0.429    14.867    segment/counter_reg[13]
  -------------------------------------------------------------------
                         required time                         14.867    
                         arrival time                          -9.180    
  -------------------------------------------------------------------
                         slack                                  5.686    

Slack (MET) :             5.686ns  (required time - arrival time)
  Source:                 segment/counter_reg[9]/C
                            (rising edge-triggered cell FDRE clocked by sys_clk_pin  {rise@0.000ns fall@5.000ns period=10.000ns})
  Destination:            segment/counter_reg[14]/R
                            (rising edge-triggered cell FDRE clocked by sys_clk_pin  {rise@0.000ns fall@5.000ns period=10.000ns})
  Path Group:             sys_clk_pin
  Path Type:              Setup (Max at Slow Process Corner)
  Requirement:            10.000ns  (sys_clk_pin rise@10.000ns - sys_clk_pin rise@0.000ns)
  Data Path Delay:        3.823ns  (logic 0.828ns (21.657%)  route 2.995ns (78.343%))
  Logic Levels:           3  (LUT6=3)
  Clock Path Skew:        -0.026ns (DCD - SCD + CPR)
    Destination Clock Delay (DCD):    5.051ns = ( 15.051 - 10.000 ) 
    Source Clock Delay      (SCD):    5.357ns
    Clock Pessimism Removal (CPR):    0.280ns
  Clock Uncertainty:      0.035ns  ((TSJ^2 + TIJ^2)^1/2 + DJ) / 2 + PE
    Total System Jitter     (TSJ):    0.071ns
    Total Input Jitter      (TIJ):    0.000ns
    Discrete Jitter          (DJ):    0.000ns
    Phase Error              (PE):    0.000ns

    Location             Delay type                Incr(ns)  Path(ns)    Netlist Resource(s)
  -------------------------------------------------------------------    -------------------
                         (clock sys_clk_pin rise edge)
                                                      0.000     0.000 r  
    V18                                               0.000     0.000 r  clk (IN)
                         net (fo=0)                   0.000     0.000    clk
    V18                  IBUF (Prop_ibuf_I_O)         1.483     1.483 r  clk_IBUF_inst/O
                         net (fo=1, routed)           1.972     3.455    clk_IBUF
    BUFGCTRL_X0Y0        BUFG (Prop_bufg_I_O)         0.096     3.551 r  clk_IBUF_BUFG_inst/O
                         net (fo=53, routed)          1.806     5.357    segment/clk_IBUF_BUFG
    SLICE_X3Y111         FDRE                                         r  segment/counter_reg[9]/C
  -------------------------------------------------------------------    -------------------
    SLICE_X3Y111         FDRE (Prop_fdre_C_Q)         0.456     5.813 r  segment/counter_reg[9]/Q
                         net (fo=2, routed)           0.881     6.694    segment/counter_reg[9]
    SLICE_X2Y110         LUT6 (Prop_lut6_I1_O)        0.124     6.818 r  segment/seg_id[2]_i_4/O
                         net (fo=2, routed)           0.427     7.245    segment/seg_id[2]_i_4_n_0
    SLICE_X2Y112         LUT6 (Prop_lut6_I5_O)        0.124     7.369 r  segment/seg_id[0]_i_2/O
                         net (fo=2, routed)           0.964     8.333    segment/seg_id[0]_i_2_n_0
    SLICE_X2Y116         LUT6 (Prop_lut6_I3_O)        0.124     8.457 r  segment/counter[0]_i_1/O
                         net (fo=32, routed)          0.724     9.180    segment/counter[0]_i_1_n_0
    SLICE_X3Y112         FDRE                                         r  segment/counter_reg[14]/R
  -------------------------------------------------------------------    -------------------

                         (clock sys_clk_pin rise edge)
                                                     10.000    10.000 r  
    V18                                               0.000    10.000 r  clk (IN)
                         net (fo=0)                   0.000    10.000    clk
    V18                  IBUF (Prop_ibuf_I_O)         1.413    11.413 r  clk_IBUF_inst/O
                         net (fo=1, routed)           1.868    13.281    clk_IBUF
    BUFGCTRL_X0Y0        BUFG (Prop_bufg_I_O)         0.091    13.372 r  clk_IBUF_BUFG_inst/O
                         net (fo=53, routed)          1.679    15.051    segment/clk_IBUF_BUFG
    SLICE_X3Y112         FDRE                                         r  segment/counter_reg[14]/C
                         clock pessimism              0.280    15.331    
                         clock uncertainty           -0.035    15.296    
    SLICE_X3Y112         FDRE (Setup_fdre_C_R)       -0.429    14.867    segment/counter_reg[14]
  -------------------------------------------------------------------
                         required time                         14.867    
                         arrival time                          -9.180    
  -------------------------------------------------------------------
                         slack                                  5.686    

Slack (MET) :             5.686ns  (required time - arrival time)
  Source:                 segment/counter_reg[9]/C
                            (rising edge-triggered cell FDRE clocked by sys_clk_pin  {rise@0.000ns fall@5.000ns period=10.000ns})
  Destination:            segment/counter_reg[15]/R
                            (rising edge-triggered cell FDRE clocked by sys_clk_pin  {rise@0.000ns fall@5.000ns period=10.000ns})
  Path Group:             sys_clk_pin
  Path Type:              Setup (Max at Slow Process Corner)
  Requirement:            10.000ns  (sys_clk_pin rise@10.000ns - sys_clk_pin rise@0.000ns)
  Data Path Delay:        3.823ns  (logic 0.828ns (21.657%)  route 2.995ns (78.343%))
  Logic Levels:           3  (LUT6=3)
  Clock Path Skew:        -0.026ns (DCD - SCD + CPR)
    Destination Clock Delay (DCD):    5.051ns = ( 15.051 - 10.000 ) 
    Source Clock Delay      (SCD):    5.357ns
    Clock Pessimism Removal (CPR):    0.280ns
  Clock Uncertainty:      0.035ns  ((TSJ^2 + TIJ^2)^1/2 + DJ) / 2 + PE
    Total System Jitter     (TSJ):    0.071ns
    Total Input Jitter      (TIJ):    0.000ns
    Discrete Jitter          (DJ):    0.000ns
    Phase Error              (PE):    0.000ns

    Location             Delay type                Incr(ns)  Path(ns)    Netlist Resource(s)
  -------------------------------------------------------------------    -------------------
                         (clock sys_clk_pin rise edge)
                                                      0.000     0.000 r  
    V18                                               0.000     0.000 r  clk (IN)
                         net (fo=0)                   0.000     0.000    clk
    V18                  IBUF (Prop_ibuf_I_O)         1.483     1.483 r  clk_IBUF_inst/O
                         net (fo=1, routed)           1.972     3.455    clk_IBUF
    BUFGCTRL_X0Y0        BUFG (Prop_bufg_I_O)         0.096     3.551 r  clk_IBUF_BUFG_inst/O
                         net (fo=53, routed)          1.806     5.357    segment/clk_IBUF_BUFG
    SLICE_X3Y111         FDRE                                         r  segment/counter_reg[9]/C
  -------------------------------------------------------------------    -------------------
    SLICE_X3Y111         FDRE (Prop_fdre_C_Q)         0.456     5.813 r  segment/counter_reg[9]/Q
                         net (fo=2, routed)           0.881     6.694    segment/counter_reg[9]
    SLICE_X2Y110         LUT6 (Prop_lut6_I1_O)        0.124     6.818 r  segment/seg_id[2]_i_4/O
                         net (fo=2, routed)           0.427     7.245    segment/seg_id[2]_i_4_n_0
    SLICE_X2Y112         LUT6 (Prop_lut6_I5_O)        0.124     7.369 r  segment/seg_id[0]_i_2/O
                         net (fo=2, routed)           0.964     8.333    segment/seg_id[0]_i_2_n_0
    SLICE_X2Y116         LUT6 (Prop_lut6_I3_O)        0.124     8.457 r  segment/counter[0]_i_1/O
                         net (fo=32, routed)          0.724     9.180    segment/counter[0]_i_1_n_0
    SLICE_X3Y112         FDRE                                         r  segment/counter_reg[15]/R
  -------------------------------------------------------------------    -------------------

                         (clock sys_clk_pin rise edge)
                                                     10.000    10.000 r  
    V18                                               0.000    10.000 r  clk (IN)
                         net (fo=0)                   0.000    10.000    clk
    V18                  IBUF (Prop_ibuf_I_O)         1.413    11.413 r  clk_IBUF_inst/O
                         net (fo=1, routed)           1.868    13.281    clk_IBUF
    BUFGCTRL_X0Y0        BUFG (Prop_bufg_I_O)         0.091    13.372 r  clk_IBUF_BUFG_inst/O
                         net (fo=53, routed)          1.679    15.051    segment/clk_IBUF_BUFG
    SLICE_X3Y112         FDRE                                         r  segment/counter_reg[15]/C
                         clock pessimism              0.280    15.331    
                         clock uncertainty           -0.035    15.296    
    SLICE_X3Y112         FDRE (Setup_fdre_C_R)       -0.429    14.867    segment/counter_reg[15]
  -------------------------------------------------------------------
                         required time                         14.867    
                         arrival time                          -9.180    
  -------------------------------------------------------------------
                         slack                                  5.686    

Slack (MET) :             5.734ns  (required time - arrival time)
  Source:                 segment/counter_reg[9]/C
                            (rising edge-triggered cell FDRE clocked by sys_clk_pin  {rise@0.000ns fall@5.000ns period=10.000ns})
  Destination:            segment/counter_reg[16]/R
                            (rising edge-triggered cell FDRE clocked by sys_clk_pin  {rise@0.000ns fall@5.000ns period=10.000ns})
  Path Group:             sys_clk_pin
  Path Type:              Setup (Max at Slow Process Corner)
  Requirement:            10.000ns  (sys_clk_pin rise@10.000ns - sys_clk_pin rise@0.000ns)
  Data Path Delay:        3.774ns  (logic 0.828ns (21.939%)  route 2.946ns (78.061%))
  Logic Levels:           3  (LUT6=3)
  Clock Path Skew:        -0.027ns (DCD - SCD + CPR)
    Destination Clock Delay (DCD):    5.050ns = ( 15.050 - 10.000 ) 
    Source Clock Delay      (SCD):    5.357ns
    Clock Pessimism Removal (CPR):    0.280ns
  Clock Uncertainty:      0.035ns  ((TSJ^2 + TIJ^2)^1/2 + DJ) / 2 + PE
    Total System Jitter     (TSJ):    0.071ns
    Total Input Jitter      (TIJ):    0.000ns
    Discrete Jitter          (DJ):    0.000ns
    Phase Error              (PE):    0.000ns

    Location             Delay type                Incr(ns)  Path(ns)    Netlist Resource(s)
  -------------------------------------------------------------------    -------------------
                         (clock sys_clk_pin rise edge)
                                                      0.000     0.000 r  
    V18                                               0.000     0.000 r  clk (IN)
                         net (fo=0)                   0.000     0.000    clk
    V18                  IBUF (Prop_ibuf_I_O)         1.483     1.483 r  clk_IBUF_inst/O
                         net (fo=1, routed)           1.972     3.455    clk_IBUF
    BUFGCTRL_X0Y0        BUFG (Prop_bufg_I_O)         0.096     3.551 r  clk_IBUF_BUFG_inst/O
                         net (fo=53, routed)          1.806     5.357    segment/clk_IBUF_BUFG
    SLICE_X3Y111         FDRE                                         r  segment/counter_reg[9]/C
  -------------------------------------------------------------------    -------------------
    SLICE_X3Y111         FDRE (Prop_fdre_C_Q)         0.456     5.813 r  segment/counter_reg[9]/Q
                         net (fo=2, routed)           0.881     6.694    segment/counter_reg[9]
    SLICE_X2Y110         LUT6 (Prop_lut6_I1_O)        0.124     6.818 r  segment/seg_id[2]_i_4/O
                         net (fo=2, routed)           0.427     7.245    segment/seg_id[2]_i_4_n_0
    SLICE_X2Y112         LUT6 (Prop_lut6_I5_O)        0.124     7.369 r  segment/seg_id[0]_i_2/O
                         net (fo=2, routed)           0.964     8.333    segment/seg_id[0]_i_2_n_0
    SLICE_X2Y116         LUT6 (Prop_lut6_I3_O)        0.124     8.457 r  segment/counter[0]_i_1/O
                         net (fo=32, routed)          0.675     9.131    segment/counter[0]_i_1_n_0
    SLICE_X3Y113         FDRE                                         r  segment/counter_reg[16]/R
  -------------------------------------------------------------------    -------------------

                         (clock sys_clk_pin rise edge)
                                                     10.000    10.000 r  
    V18                                               0.000    10.000 r  clk (IN)
                         net (fo=0)                   0.000    10.000    clk
    V18                  IBUF (Prop_ibuf_I_O)         1.413    11.413 r  clk_IBUF_inst/O
                         net (fo=1, routed)           1.868    13.281    clk_IBUF
    BUFGCTRL_X0Y0        BUFG (Prop_bufg_I_O)         0.091    13.372 r  clk_IBUF_BUFG_inst/O
                         net (fo=53, routed)          1.678    15.050    segment/clk_IBUF_BUFG
    SLICE_X3Y113         FDRE                                         r  segment/counter_reg[16]/C
                         clock pessimism              0.280    15.330    
                         clock uncertainty           -0.035    15.295    
    SLICE_X3Y113         FDRE (Setup_fdre_C_R)       -0.429    14.866    segment/counter_reg[16]
  -------------------------------------------------------------------
                         required time                         14.866    
                         arrival time                          -9.131    
  -------------------------------------------------------------------
                         slack                                  5.734    

Slack (MET) :             5.734ns  (required time - arrival time)
  Source:                 segment/counter_reg[9]/C
                            (rising edge-triggered cell FDRE clocked by sys_clk_pin  {rise@0.000ns fall@5.000ns period=10.000ns})
  Destination:            segment/counter_reg[17]/R
                            (rising edge-triggered cell FDRE clocked by sys_clk_pin  {rise@0.000ns fall@5.000ns period=10.000ns})
  Path Group:             sys_clk_pin
  Path Type:              Setup (Max at Slow Process Corner)
  Requirement:            10.000ns  (sys_clk_pin rise@10.000ns - sys_clk_pin rise@0.000ns)
  Data Path Delay:        3.774ns  (logic 0.828ns (21.939%)  route 2.946ns (78.061%))
  Logic Levels:           3  (LUT6=3)
  Clock Path Skew:        -0.027ns (DCD - SCD + CPR)
    Destination Clock Delay (DCD):    5.050ns = ( 15.050 - 10.000 ) 
    Source Clock Delay      (SCD):    5.357ns
    Clock Pessimism Removal (CPR):    0.280ns
  Clock Uncertainty:      0.035ns  ((TSJ^2 + TIJ^2)^1/2 + DJ) / 2 + PE
    Total System Jitter     (TSJ):    0.071ns
    Total Input Jitter      (TIJ):    0.000ns
    Discrete Jitter          (DJ):    0.000ns
    Phase Error              (PE):    0.000ns

    Location             Delay type                Incr(ns)  Path(ns)    Netlist Resource(s)
  -------------------------------------------------------------------    -------------------
                         (clock sys_clk_pin rise edge)
                                                      0.000     0.000 r  
    V18                                               0.000     0.000 r  clk (IN)
                         net (fo=0)                   0.000     0.000    clk
    V18                  IBUF (Prop_ibuf_I_O)         1.483     1.483 r  clk_IBUF_inst/O
                         net (fo=1, routed)           1.972     3.455    clk_IBUF
    BUFGCTRL_X0Y0        BUFG (Prop_bufg_I_O)         0.096     3.551 r  clk_IBUF_BUFG_inst/O
                         net (fo=53, routed)          1.806     5.357    segment/clk_IBUF_BUFG
    SLICE_X3Y111         FDRE                                         r  segment/counter_reg[9]/C
  -------------------------------------------------------------------    -------------------
    SLICE_X3Y111         FDRE (Prop_fdre_C_Q)         0.456     5.813 r  segment/counter_reg[9]/Q
                         net (fo=2, routed)           0.881     6.694    segment/counter_reg[9]
    SLICE_X2Y110         LUT6 (Prop_lut6_I1_O)        0.124     6.818 r  segment/seg_id[2]_i_4/O
                         net (fo=2, routed)           0.427     7.245    segment/seg_id[2]_i_4_n_0
    SLICE_X2Y112         LUT6 (Prop_lut6_I5_O)        0.124     7.369 r  segment/seg_id[0]_i_2/O
                         net (fo=2, routed)           0.964     8.333    segment/seg_id[0]_i_2_n_0
    SLICE_X2Y116         LUT6 (Prop_lut6_I3_O)        0.124     8.457 r  segment/counter[0]_i_1/O
                         net (fo=32, routed)          0.675     9.131    segment/counter[0]_i_1_n_0
    SLICE_X3Y113         FDRE                                         r  segment/counter_reg[17]/R
  -------------------------------------------------------------------    -------------------

                         (clock sys_clk_pin rise edge)
                                                     10.000    10.000 r  
    V18                                               0.000    10.000 r  clk (IN)
                         net (fo=0)                   0.000    10.000    clk
    V18                  IBUF (Prop_ibuf_I_O)         1.413    11.413 r  clk_IBUF_inst/O
                         net (fo=1, routed)           1.868    13.281    clk_IBUF
    BUFGCTRL_X0Y0        BUFG (Prop_bufg_I_O)         0.091    13.372 r  clk_IBUF_BUFG_inst/O
                         net (fo=53, routed)          1.678    15.050    segment/clk_IBUF_BUFG
    SLICE_X3Y113         FDRE                                         r  segment/counter_reg[17]/C
                         clock pessimism              0.280    15.330    
                         clock uncertainty           -0.035    15.295    
    SLICE_X3Y113         FDRE (Setup_fdre_C_R)       -0.429    14.866    segment/counter_reg[17]
  -------------------------------------------------------------------
                         required time                         14.866    
                         arrival time                          -9.131    
  -------------------------------------------------------------------
                         slack                                  5.734    





Min Delay Paths
--------------------------------------------------------------------------------------
Slack (MET) :             0.252ns  (arrival time - required time)
  Source:                 segment/counter_reg[3]/C
                            (rising edge-triggered cell FDRE clocked by sys_clk_pin  {rise@0.000ns fall@5.000ns period=10.000ns})
  Destination:            segment/counter_reg[3]/D
                            (rising edge-triggered cell FDRE clocked by sys_clk_pin  {rise@0.000ns fall@5.000ns period=10.000ns})
  Path Group:             sys_clk_pin
  Path Type:              Hold (Min at Fast Process Corner)
  Requirement:            0.000ns  (sys_clk_pin rise@0.000ns - sys_clk_pin rise@0.000ns)
  Data Path Delay:        0.357ns  (logic 0.249ns (69.714%)  route 0.108ns (30.286%))
  Logic Levels:           1  (CARRY4=1)
  Clock Path Skew:        0.000ns (DCD - SCD - CPR)
    Destination Clock Delay (DCD):    2.106ns
    Source Clock Delay      (SCD):    1.585ns
    Clock Pessimism Removal (CPR):    0.520ns

    Location             Delay type                Incr(ns)  Path(ns)    Netlist Resource(s)
  -------------------------------------------------------------------    -------------------
                         (clock sys_clk_pin rise edge)
                                                      0.000     0.000 r  
    V18                                               0.000     0.000 r  clk (IN)
                         net (fo=0)                   0.000     0.000    clk
    V18                  IBUF (Prop_ibuf_I_O)         0.251     0.251 r  clk_IBUF_inst/O
                         net (fo=1, routed)           0.634     0.885    clk_IBUF
    BUFGCTRL_X0Y0        BUFG (Prop_bufg_I_O)         0.026     0.911 r  clk_IBUF_BUFG_inst/O
                         net (fo=53, routed)          0.674     1.585    segment/clk_IBUF_BUFG
    SLICE_X3Y109         FDRE                                         r  segment/counter_reg[3]/C
  -------------------------------------------------------------------    -------------------
    SLICE_X3Y109         FDRE (Prop_fdre_C_Q)         0.141     1.726 r  segment/counter_reg[3]/Q
                         net (fo=1, routed)           0.108     1.834    segment/counter_reg_n_0_[3]
    SLICE_X3Y109         CARRY4 (Prop_carry4_S[3]_O[3])
                                                      0.108     1.942 r  segment/counter_reg[0]_i_2/O[3]
                         net (fo=1, routed)           0.000     1.942    segment/counter_reg[0]_i_2_n_4
    SLICE_X3Y109         FDRE                                         r  segment/counter_reg[3]/D
  -------------------------------------------------------------------    -------------------

                         (clock sys_clk_pin rise edge)
                                                      0.000     0.000 r  
    V18                                               0.000     0.000 r  clk (IN)
                         net (fo=0)                   0.000     0.000    clk
    V18                  IBUF (Prop_ibuf_I_O)         0.439     0.439 r  clk_IBUF_inst/O
                         net (fo=1, routed)           0.689     1.127    clk_IBUF
    BUFGCTRL_X0Y0        BUFG (Prop_bufg_I_O)         0.029     1.156 r  clk_IBUF_BUFG_inst/O
                         net (fo=53, routed)          0.949     2.106    segment/clk_IBUF_BUFG
    SLICE_X3Y109         FDRE                                         r  segment/counter_reg[3]/C
                         clock pessimism             -0.520     1.585    
    SLICE_X3Y109         FDRE (Hold_fdre_C_D)         0.105     1.690    segment/counter_reg[3]
  -------------------------------------------------------------------
                         required time                         -1.690    
                         arrival time                           1.942    
  -------------------------------------------------------------------
                         slack                                  0.252    

Slack (MET) :             0.256ns  (arrival time - required time)
  Source:                 segment/counter_reg[2]/C
                            (rising edge-triggered cell FDRE clocked by sys_clk_pin  {rise@0.000ns fall@5.000ns period=10.000ns})
  Destination:            segment/counter_reg[2]/D
                            (rising edge-triggered cell FDRE clocked by sys_clk_pin  {rise@0.000ns fall@5.000ns period=10.000ns})
  Path Group:             sys_clk_pin
  Path Type:              Hold (Min at Fast Process Corner)
  Requirement:            0.000ns  (sys_clk_pin rise@0.000ns - sys_clk_pin rise@0.000ns)
  Data Path Delay:        0.361ns  (logic 0.252ns (69.733%)  route 0.109ns (30.267%))
  Logic Levels:           1  (CARRY4=1)
  Clock Path Skew:        0.000ns (DCD - SCD - CPR)
    Destination Clock Delay (DCD):    2.106ns
    Source Clock Delay      (SCD):    1.585ns
    Clock Pessimism Removal (CPR):    0.520ns

    Location             Delay type                Incr(ns)  Path(ns)    Netlist Resource(s)
  -------------------------------------------------------------------    -------------------
                         (clock sys_clk_pin rise edge)
                                                      0.000     0.000 r  
    V18                                               0.000     0.000 r  clk (IN)
                         net (fo=0)                   0.000     0.000    clk
    V18                  IBUF (Prop_ibuf_I_O)         0.251     0.251 r  clk_IBUF_inst/O
                         net (fo=1, routed)           0.634     0.885    clk_IBUF
    BUFGCTRL_X0Y0        BUFG (Prop_bufg_I_O)         0.026     0.911 r  clk_IBUF_BUFG_inst/O
                         net (fo=53, routed)          0.674     1.585    segment/clk_IBUF_BUFG
    SLICE_X3Y109         FDRE                                         r  segment/counter_reg[2]/C
  -------------------------------------------------------------------    -------------------
    SLICE_X3Y109         FDRE (Prop_fdre_C_Q)         0.141     1.726 r  segment/counter_reg[2]/Q
                         net (fo=1, routed)           0.109     1.835    segment/counter_reg_n_0_[2]
    SLICE_X3Y109         CARRY4 (Prop_carry4_S[2]_O[2])
                                                      0.111     1.946 r  segment/counter_reg[0]_i_2/O[2]
                         net (fo=1, routed)           0.000     1.946    segment/counter_reg[0]_i_2_n_5
    SLICE_X3Y109         FDRE                                         r  segment/counter_reg[2]/D
  -------------------------------------------------------------------    -------------------

                         (clock sys_clk_pin rise edge)
                                                      0.000     0.000 r  
    V18                                               0.000     0.000 r  clk (IN)
                         net (fo=0)                   0.000     0.000    clk
    V18                  IBUF (Prop_ibuf_I_O)         0.439     0.439 r  clk_IBUF_inst/O
                         net (fo=1, routed)           0.689     1.127    clk_IBUF
    BUFGCTRL_X0Y0        BUFG (Prop_bufg_I_O)         0.029     1.156 r  clk_IBUF_BUFG_inst/O
                         net (fo=53, routed)          0.949     2.106    segment/clk_IBUF_BUFG
    SLICE_X3Y109         FDRE                                         r  segment/counter_reg[2]/C
                         clock pessimism             -0.520     1.585    
    SLICE_X3Y109         FDRE (Hold_fdre_C_D)         0.105     1.690    segment/counter_reg[2]
  -------------------------------------------------------------------
                         required time                         -1.690    
                         arrival time                           1.946    
  -------------------------------------------------------------------
                         slack                                  0.256    

Slack (MET) :             0.258ns  (arrival time - required time)
  Source:                 mul2/temp_a_reg[0]/C
                            (rising edge-triggered cell FDRE clocked by sys_clk_pin  {rise@0.000ns fall@5.000ns period=10.000ns})
  Destination:            mul2/res_reg[1]_lopt_replica/D
                            (rising edge-triggered cell FDRE clocked by sys_clk_pin  {rise@0.000ns fall@5.000ns period=10.000ns})
  Path Group:             sys_clk_pin
  Path Type:              Hold (Min at Fast Process Corner)
  Requirement:            0.000ns  (sys_clk_pin rise@0.000ns - sys_clk_pin rise@0.000ns)
  Data Path Delay:        0.365ns  (logic 0.186ns (50.920%)  route 0.179ns (49.080%))
  Logic Levels:           1  (LUT4=1)
  Clock Path Skew:        0.016ns (DCD - SCD - CPR)
    Destination Clock Delay (DCD):    2.097ns
    Source Clock Delay      (SCD):    1.576ns
    Clock Pessimism Removal (CPR):    0.504ns

    Location             Delay type                Incr(ns)  Path(ns)    Netlist Resource(s)
  -------------------------------------------------------------------    -------------------
                         (clock sys_clk_pin rise edge)
                                                      0.000     0.000 r  
    V18                                               0.000     0.000 r  clk (IN)
                         net (fo=0)                   0.000     0.000    clk
    V18                  IBUF (Prop_ibuf_I_O)         0.251     0.251 r  clk_IBUF_inst/O
                         net (fo=1, routed)           0.634     0.885    clk_IBUF
    BUFGCTRL_X0Y0        BUFG (Prop_bufg_I_O)         0.026     0.911 r  clk_IBUF_BUFG_inst/O
                         net (fo=53, routed)          0.665     1.576    mul2/clk_IBUF_BUFG
    SLICE_X1Y121         FDRE                                         r  mul2/temp_a_reg[0]/C
  -------------------------------------------------------------------    -------------------
    SLICE_X1Y121         FDRE (Prop_fdre_C_Q)         0.141     1.717 r  mul2/temp_a_reg[0]/Q
                         net (fo=6, routed)           0.179     1.896    mul2/temp_a[0]
    SLICE_X1Y119         LUT4 (Prop_lut4_I3_O)        0.045     1.941 r  mul2/res[1]_i_1/O
                         net (fo=2, routed)           0.000     1.941    mul2/res0[1]
    SLICE_X1Y119         FDRE                                         r  mul2/res_reg[1]_lopt_replica/D
  -------------------------------------------------------------------    -------------------

                         (clock sys_clk_pin rise edge)
                                                      0.000     0.000 r  
    V18                                               0.000     0.000 r  clk (IN)
                         net (fo=0)                   0.000     0.000    clk
    V18                  IBUF (Prop_ibuf_I_O)         0.439     0.439 r  clk_IBUF_inst/O
                         net (fo=1, routed)           0.689     1.127    clk_IBUF
    BUFGCTRL_X0Y0        BUFG (Prop_bufg_I_O)         0.029     1.156 r  clk_IBUF_BUFG_inst/O
                         net (fo=53, routed)          0.940     2.097    mul2/clk_IBUF_BUFG
    SLICE_X1Y119         FDRE                                         r  mul2/res_reg[1]_lopt_replica/C
                         clock pessimism             -0.504     1.592    
    SLICE_X1Y119         FDRE (Hold_fdre_C_D)         0.091     1.683    mul2/res_reg[1]_lopt_replica
  -------------------------------------------------------------------
                         required time                         -1.683    
                         arrival time                           1.941    
  -------------------------------------------------------------------
                         slack                                  0.258    

Slack (MET) :             0.261ns  (arrival time - required time)
  Source:                 segment/counter_reg[15]/C
                            (rising edge-triggered cell FDRE clocked by sys_clk_pin  {rise@0.000ns fall@5.000ns period=10.000ns})
  Destination:            segment/counter_reg[15]/D
                            (rising edge-triggered cell FDRE clocked by sys_clk_pin  {rise@0.000ns fall@5.000ns period=10.000ns})
  Path Group:             sys_clk_pin
  Path Type:              Hold (Min at Fast Process Corner)
  Requirement:            0.000ns  (sys_clk_pin rise@0.000ns - sys_clk_pin rise@0.000ns)
  Data Path Delay:        0.366ns  (logic 0.249ns (68.025%)  route 0.117ns (31.975%))
  Logic Levels:           1  (CARRY4=1)
  Clock Path Skew:        0.000ns (DCD - SCD - CPR)
    Destination Clock Delay (DCD):    2.103ns
    Source Clock Delay      (SCD):    1.583ns
    Clock Pessimism Removal (CPR):    0.519ns

    Location             Delay type                Incr(ns)  Path(ns)    Netlist Resource(s)
  -------------------------------------------------------------------    -------------------
                         (clock sys_clk_pin rise edge)
                                                      0.000     0.000 r  
    V18                                               0.000     0.000 r  clk (IN)
                         net (fo=0)                   0.000     0.000    clk
    V18                  IBUF (Prop_ibuf_I_O)         0.251     0.251 r  clk_IBUF_inst/O
                         net (fo=1, routed)           0.634     0.885    clk_IBUF
    BUFGCTRL_X0Y0        BUFG (Prop_bufg_I_O)         0.026     0.911 r  clk_IBUF_BUFG_inst/O
                         net (fo=53, routed)          0.672     1.583    segment/clk_IBUF_BUFG
    SLICE_X3Y112         FDRE                                         r  segment/counter_reg[15]/C
  -------------------------------------------------------------------    -------------------
    SLICE_X3Y112         FDRE (Prop_fdre_C_Q)         0.141     1.724 r  segment/counter_reg[15]/Q
                         net (fo=2, routed)           0.117     1.841    segment/counter_reg[15]
    SLICE_X3Y112         CARRY4 (Prop_carry4_S[3]_O[3])
                                                      0.108     1.949 r  segment/counter_reg[12]_i_1/O[3]
                         net (fo=1, routed)           0.000     1.949    segment/counter_reg[12]_i_1_n_4
    SLICE_X3Y112         FDRE                                         r  segment/counter_reg[15]/D
  -------------------------------------------------------------------    -------------------

                         (clock sys_clk_pin rise edge)
                                                      0.000     0.000 r  
    V18                                               0.000     0.000 r  clk (IN)
                         net (fo=0)                   0.000     0.000    clk
    V18                  IBUF (Prop_ibuf_I_O)         0.439     0.439 r  clk_IBUF_inst/O
                         net (fo=1, routed)           0.689     1.127    clk_IBUF
    BUFGCTRL_X0Y0        BUFG (Prop_bufg_I_O)         0.029     1.156 r  clk_IBUF_BUFG_inst/O
                         net (fo=53, routed)          0.946     2.103    segment/clk_IBUF_BUFG
    SLICE_X3Y112         FDRE                                         r  segment/counter_reg[15]/C
                         clock pessimism             -0.519     1.583    
    SLICE_X3Y112         FDRE (Hold_fdre_C_D)         0.105     1.688    segment/counter_reg[15]
  -------------------------------------------------------------------
                         required time                         -1.688    
                         arrival time                           1.949    
  -------------------------------------------------------------------
                         slack                                  0.261    

Slack (MET) :             0.261ns  (arrival time - required time)
  Source:                 segment/counter_reg[7]/C
                            (rising edge-triggered cell FDRE clocked by sys_clk_pin  {rise@0.000ns fall@5.000ns period=10.000ns})
  Destination:            segment/counter_reg[7]/D
                            (rising edge-triggered cell FDRE clocked by sys_clk_pin  {rise@0.000ns fall@5.000ns period=10.000ns})
  Path Group:             sys_clk_pin
  Path Type:              Hold (Min at Fast Process Corner)
  Requirement:            0.000ns  (sys_clk_pin rise@0.000ns - sys_clk_pin rise@0.000ns)
  Data Path Delay:        0.366ns  (logic 0.249ns (67.994%)  route 0.117ns (32.006%))
  Logic Levels:           1  (CARRY4=1)
  Clock Path Skew:        0.000ns (DCD - SCD - CPR)
    Destination Clock Delay (DCD):    2.105ns
    Source Clock Delay      (SCD):    1.584ns
    Clock Pessimism Removal (CPR):    0.520ns

    Location             Delay type                Incr(ns)  Path(ns)    Netlist Resource(s)
  -------------------------------------------------------------------    -------------------
                         (clock sys_clk_pin rise edge)
                                                      0.000     0.000 r  
    V18                                               0.000     0.000 r  clk (IN)
                         net (fo=0)                   0.000     0.000    clk
    V18                  IBUF (Prop_ibuf_I_O)         0.251     0.251 r  clk_IBUF_inst/O
                         net (fo=1, routed)           0.634     0.885    clk_IBUF
    BUFGCTRL_X0Y0        BUFG (Prop_bufg_I_O)         0.026     0.911 r  clk_IBUF_BUFG_inst/O
                         net (fo=53, routed)          0.673     1.584    segment/clk_IBUF_BUFG
    SLICE_X3Y110         FDRE                                         r  segment/counter_reg[7]/C
  -------------------------------------------------------------------    -------------------
    SLICE_X3Y110         FDRE (Prop_fdre_C_Q)         0.141     1.725 r  segment/counter_reg[7]/Q
                         net (fo=2, routed)           0.117     1.842    segment/counter_reg[7]
    SLICE_X3Y110         CARRY4 (Prop_carry4_S[3]_O[3])
                                                      0.108     1.950 r  segment/counter_reg[4]_i_1/O[3]
                         net (fo=1, routed)           0.000     1.950    segment/counter_reg[4]_i_1_n_4
    SLICE_X3Y110         FDRE                                         r  segment/counter_reg[7]/D
  -------------------------------------------------------------------    -------------------

                         (clock sys_clk_pin rise edge)
                                                      0.000     0.000 r  
    V18                                               0.000     0.000 r  clk (IN)
                         net (fo=0)                   0.000     0.000    clk
    V18                  IBUF (Prop_ibuf_I_O)         0.439     0.439 r  clk_IBUF_inst/O
                         net (fo=1, routed)           0.689     1.127    clk_IBUF
    BUFGCTRL_X0Y0        BUFG (Prop_bufg_I_O)         0.029     1.156 r  clk_IBUF_BUFG_inst/O
                         net (fo=53, routed)          0.948     2.105    segment/clk_IBUF_BUFG
    SLICE_X3Y110         FDRE                                         r  segment/counter_reg[7]/C
                         clock pessimism             -0.520     1.584    
    SLICE_X3Y110         FDRE (Hold_fdre_C_D)         0.105     1.689    segment/counter_reg[7]
  -------------------------------------------------------------------
                         required time                         -1.689    
                         arrival time                           1.950    
  -------------------------------------------------------------------
                         slack                                  0.261    

Slack (MET) :             0.264ns  (arrival time - required time)
  Source:                 segment/counter_reg[19]/C
                            (rising edge-triggered cell FDRE clocked by sys_clk_pin  {rise@0.000ns fall@5.000ns period=10.000ns})
  Destination:            segment/counter_reg[19]/D
                            (rising edge-triggered cell FDRE clocked by sys_clk_pin  {rise@0.000ns fall@5.000ns period=10.000ns})
  Path Group:             sys_clk_pin
  Path Type:              Hold (Min at Fast Process Corner)
  Requirement:            0.000ns  (sys_clk_pin rise@0.000ns - sys_clk_pin rise@0.000ns)
  Data Path Delay:        0.369ns  (logic 0.249ns (67.424%)  route 0.120ns (32.576%))
  Logic Levels:           1  (CARRY4=1)
  Clock Path Skew:        0.000ns (DCD - SCD - CPR)
    Destination Clock Delay (DCD):    2.102ns
    Source Clock Delay      (SCD):    1.582ns
    Clock Pessimism Removal (CPR):    0.519ns

    Location             Delay type                Incr(ns)  Path(ns)    Netlist Resource(s)
  -------------------------------------------------------------------    -------------------
                         (clock sys_clk_pin rise edge)
                                                      0.000     0.000 r  
    V18                                               0.000     0.000 r  clk (IN)
                         net (fo=0)                   0.000     0.000    clk
    V18                  IBUF (Prop_ibuf_I_O)         0.251     0.251 r  clk_IBUF_inst/O
                         net (fo=1, routed)           0.634     0.885    clk_IBUF
    BUFGCTRL_X0Y0        BUFG (Prop_bufg_I_O)         0.026     0.911 r  clk_IBUF_BUFG_inst/O
                         net (fo=53, routed)          0.671     1.582    segment/clk_IBUF_BUFG
    SLICE_X3Y113         FDRE                                         r  segment/counter_reg[19]/C
  -------------------------------------------------------------------    -------------------
    SLICE_X3Y113         FDRE (Prop_fdre_C_Q)         0.141     1.723 r  segment/counter_reg[19]/Q
                         net (fo=3, routed)           0.120     1.843    segment/counter_reg[19]
    SLICE_X3Y113         CARRY4 (Prop_carry4_S[3]_O[3])
                                                      0.108     1.951 r  segment/counter_reg[16]_i_1/O[3]
                         net (fo=1, routed)           0.000     1.951    segment/counter_reg[16]_i_1_n_4
    SLICE_X3Y113         FDRE                                         r  segment/counter_reg[19]/D
  -------------------------------------------------------------------    -------------------

                         (clock sys_clk_pin rise edge)
                                                      0.000     0.000 r  
    V18                                               0.000     0.000 r  clk (IN)
                         net (fo=0)                   0.000     0.000    clk
    V18                  IBUF (Prop_ibuf_I_O)         0.439     0.439 r  clk_IBUF_inst/O
                         net (fo=1, routed)           0.689     1.127    clk_IBUF
    BUFGCTRL_X0Y0        BUFG (Prop_bufg_I_O)         0.029     1.156 r  clk_IBUF_BUFG_inst/O
                         net (fo=53, routed)          0.945     2.102    segment/clk_IBUF_BUFG
    SLICE_X3Y113         FDRE                                         r  segment/counter_reg[19]/C
                         clock pessimism             -0.519     1.582    
    SLICE_X3Y113         FDRE (Hold_fdre_C_D)         0.105     1.687    segment/counter_reg[19]
  -------------------------------------------------------------------
                         required time                         -1.687    
                         arrival time                           1.951    
  -------------------------------------------------------------------
                         slack                                  0.264    

Slack (MET) :             0.264ns  (arrival time - required time)
  Source:                 segment/counter_reg[31]/C
                            (rising edge-triggered cell FDRE clocked by sys_clk_pin  {rise@0.000ns fall@5.000ns period=10.000ns})
  Destination:            segment/counter_reg[31]/D
                            (rising edge-triggered cell FDRE clocked by sys_clk_pin  {rise@0.000ns fall@5.000ns period=10.000ns})
  Path Group:             sys_clk_pin
  Path Type:              Hold (Min at Fast Process Corner)
  Requirement:            0.000ns  (sys_clk_pin rise@0.000ns - sys_clk_pin rise@0.000ns)
  Data Path Delay:        0.369ns  (logic 0.249ns (67.424%)  route 0.120ns (32.576%))
  Logic Levels:           1  (CARRY4=1)
  Clock Path Skew:        0.000ns (DCD - SCD - CPR)
    Destination Clock Delay (DCD):    2.100ns
    Source Clock Delay      (SCD):    1.581ns
    Clock Pessimism Removal (CPR):    0.518ns

    Location             Delay type                Incr(ns)  Path(ns)    Netlist Resource(s)
  -------------------------------------------------------------------    -------------------
                         (clock sys_clk_pin rise edge)
                                                      0.000     0.000 r  
    V18                                               0.000     0.000 r  clk (IN)
                         net (fo=0)                   0.000     0.000    clk
    V18                  IBUF (Prop_ibuf_I_O)         0.251     0.251 r  clk_IBUF_inst/O
                         net (fo=1, routed)           0.634     0.885    clk_IBUF
    BUFGCTRL_X0Y0        BUFG (Prop_bufg_I_O)         0.026     0.911 r  clk_IBUF_BUFG_inst/O
                         net (fo=53, routed)          0.670     1.581    segment/clk_IBUF_BUFG
    SLICE_X3Y116         FDRE                                         r  segment/counter_reg[31]/C
  -------------------------------------------------------------------    -------------------
    SLICE_X3Y116         FDRE (Prop_fdre_C_Q)         0.141     1.722 r  segment/counter_reg[31]/Q
                         net (fo=2, routed)           0.120     1.842    segment/counter_reg[31]
    SLICE_X3Y116         CARRY4 (Prop_carry4_S[3]_O[3])
                                                      0.108     1.950 r  segment/counter_reg[28]_i_1/O[3]
                         net (fo=1, routed)           0.000     1.950    segment/counter_reg[28]_i_1_n_4
    SLICE_X3Y116         FDRE                                         r  segment/counter_reg[31]/D
  -------------------------------------------------------------------    -------------------

                         (clock sys_clk_pin rise edge)
                                                      0.000     0.000 r  
    V18                                               0.000     0.000 r  clk (IN)
                         net (fo=0)                   0.000     0.000    clk
    V18                  IBUF (Prop_ibuf_I_O)         0.439     0.439 r  clk_IBUF_inst/O
                         net (fo=1, routed)           0.689     1.127    clk_IBUF
    BUFGCTRL_X0Y0        BUFG (Prop_bufg_I_O)         0.029     1.156 r  clk_IBUF_BUFG_inst/O
                         net (fo=53, routed)          0.943     2.100    segment/clk_IBUF_BUFG
    SLICE_X3Y116         FDRE                                         r  segment/counter_reg[31]/C
                         clock pessimism             -0.518     1.581    
    SLICE_X3Y116         FDRE (Hold_fdre_C_D)         0.105     1.686    segment/counter_reg[31]
  -------------------------------------------------------------------
                         required time                         -1.686    
                         arrival time                           1.950    
  -------------------------------------------------------------------
                         slack                                  0.264    

Slack (MET) :             0.267ns  (arrival time - required time)
  Source:                 segment/counter_reg[4]/C
                            (rising edge-triggered cell FDRE clocked by sys_clk_pin  {rise@0.000ns fall@5.000ns period=10.000ns})
  Destination:            segment/counter_reg[4]/D
                            (rising edge-triggered cell FDRE clocked by sys_clk_pin  {rise@0.000ns fall@5.000ns period=10.000ns})
  Path Group:             sys_clk_pin
  Path Type:              Hold (Min at Fast Process Corner)
  Requirement:            0.000ns  (sys_clk_pin rise@0.000ns - sys_clk_pin rise@0.000ns)
  Data Path Delay:        0.372ns  (logic 0.256ns (68.766%)  route 0.116ns (31.234%))
  Logic Levels:           1  (CARRY4=1)
  Clock Path Skew:        0.000ns (DCD - SCD - CPR)
    Destination Clock Delay (DCD):    2.105ns
    Source Clock Delay      (SCD):    1.584ns
    Clock Pessimism Removal (CPR):    0.520ns

    Location             Delay type                Incr(ns)  Path(ns)    Netlist Resource(s)
  -------------------------------------------------------------------    -------------------
                         (clock sys_clk_pin rise edge)
                                                      0.000     0.000 r  
    V18                                               0.000     0.000 r  clk (IN)
                         net (fo=0)                   0.000     0.000    clk
    V18                  IBUF (Prop_ibuf_I_O)         0.251     0.251 r  clk_IBUF_inst/O
                         net (fo=1, routed)           0.634     0.885    clk_IBUF
    BUFGCTRL_X0Y0        BUFG (Prop_bufg_I_O)         0.026     0.911 r  clk_IBUF_BUFG_inst/O
                         net (fo=53, routed)          0.673     1.584    segment/clk_IBUF_BUFG
    SLICE_X3Y110         FDRE                                         r  segment/counter_reg[4]/C
  -------------------------------------------------------------------    -------------------
    SLICE_X3Y110         FDRE (Prop_fdre_C_Q)         0.141     1.725 r  segment/counter_reg[4]/Q
                         net (fo=2, routed)           0.116     1.841    segment/counter_reg[4]
    SLICE_X3Y110         CARRY4 (Prop_carry4_S[0]_O[0])
                                                      0.115     1.956 r  segment/counter_reg[4]_i_1/O[0]
                         net (fo=1, routed)           0.000     1.956    segment/counter_reg[4]_i_1_n_7
    SLICE_X3Y110         FDRE                                         r  segment/counter_reg[4]/D
  -------------------------------------------------------------------    -------------------

                         (clock sys_clk_pin rise edge)
                                                      0.000     0.000 r  
    V18                                               0.000     0.000 r  clk (IN)
                         net (fo=0)                   0.000     0.000    clk
    V18                  IBUF (Prop_ibuf_I_O)         0.439     0.439 r  clk_IBUF_inst/O
                         net (fo=1, routed)           0.689     1.127    clk_IBUF
    BUFGCTRL_X0Y0        BUFG (Prop_bufg_I_O)         0.029     1.156 r  clk_IBUF_BUFG_inst/O
                         net (fo=53, routed)          0.948     2.105    segment/clk_IBUF_BUFG
    SLICE_X3Y110         FDRE                                         r  segment/counter_reg[4]/C
                         clock pessimism             -0.520     1.584    
    SLICE_X3Y110         FDRE (Hold_fdre_C_D)         0.105     1.689    segment/counter_reg[4]
  -------------------------------------------------------------------
                         required time                         -1.689    
                         arrival time                           1.956    
  -------------------------------------------------------------------
                         slack                                  0.267    

Slack (MET) :             0.267ns  (arrival time - required time)
  Source:                 segment/counter_reg[14]/C
                            (rising edge-triggered cell FDRE clocked by sys_clk_pin  {rise@0.000ns fall@5.000ns period=10.000ns})
  Destination:            segment/counter_reg[14]/D
                            (rising edge-triggered cell FDRE clocked by sys_clk_pin  {rise@0.000ns fall@5.000ns period=10.000ns})
  Path Group:             sys_clk_pin
  Path Type:              Hold (Min at Fast Process Corner)
  Requirement:            0.000ns  (sys_clk_pin rise@0.000ns - sys_clk_pin rise@0.000ns)
  Data Path Delay:        0.372ns  (logic 0.252ns (67.654%)  route 0.120ns (32.346%))
  Logic Levels:           1  (CARRY4=1)
  Clock Path Skew:        0.000ns (DCD - SCD - CPR)
    Destination Clock Delay (DCD):    2.103ns
    Source Clock Delay      (SCD):    1.583ns
    Clock Pessimism Removal (CPR):    0.519ns

    Location             Delay type                Incr(ns)  Path(ns)    Netlist Resource(s)
  -------------------------------------------------------------------    -------------------
                         (clock sys_clk_pin rise edge)
                                                      0.000     0.000 r  
    V18                                               0.000     0.000 r  clk (IN)
                         net (fo=0)                   0.000     0.000    clk
    V18                  IBUF (Prop_ibuf_I_O)         0.251     0.251 r  clk_IBUF_inst/O
                         net (fo=1, routed)           0.634     0.885    clk_IBUF
    BUFGCTRL_X0Y0        BUFG (Prop_bufg_I_O)         0.026     0.911 r  clk_IBUF_BUFG_inst/O
                         net (fo=53, routed)          0.672     1.583    segment/clk_IBUF_BUFG
    SLICE_X3Y112         FDRE                                         r  segment/counter_reg[14]/C
  -------------------------------------------------------------------    -------------------
    SLICE_X3Y112         FDRE (Prop_fdre_C_Q)         0.141     1.724 r  segment/counter_reg[14]/Q
                         net (fo=2, routed)           0.120     1.845    segment/counter_reg[14]
    SLICE_X3Y112         CARRY4 (Prop_carry4_S[2]_O[2])
                                                      0.111     1.956 r  segment/counter_reg[12]_i_1/O[2]
                         net (fo=1, routed)           0.000     1.956    segment/counter_reg[12]_i_1_n_5
    SLICE_X3Y112         FDRE                                         r  segment/counter_reg[14]/D
  -------------------------------------------------------------------    -------------------

                         (clock sys_clk_pin rise edge)
                                                      0.000     0.000 r  
    V18                                               0.000     0.000 r  clk (IN)
                         net (fo=0)                   0.000     0.000    clk
    V18                  IBUF (Prop_ibuf_I_O)         0.439     0.439 r  clk_IBUF_inst/O
                         net (fo=1, routed)           0.689     1.127    clk_IBUF
    BUFGCTRL_X0Y0        BUFG (Prop_bufg_I_O)         0.029     1.156 r  clk_IBUF_BUFG_inst/O
                         net (fo=53, routed)          0.946     2.103    segment/clk_IBUF_BUFG
    SLICE_X3Y112         FDRE                                         r  segment/counter_reg[14]/C
                         clock pessimism             -0.519     1.583    
    SLICE_X3Y112         FDRE (Hold_fdre_C_D)         0.105     1.688    segment/counter_reg[14]
  -------------------------------------------------------------------
                         required time                         -1.688    
                         arrival time                           1.956    
  -------------------------------------------------------------------
                         slack                                  0.267    

Slack (MET) :             0.267ns  (arrival time - required time)
  Source:                 segment/counter_reg[22]/C
                            (rising edge-triggered cell FDRE clocked by sys_clk_pin  {rise@0.000ns fall@5.000ns period=10.000ns})
  Destination:            segment/counter_reg[22]/D
                            (rising edge-triggered cell FDRE clocked by sys_clk_pin  {rise@0.000ns fall@5.000ns period=10.000ns})
  Path Group:             sys_clk_pin
  Path Type:              Hold (Min at Fast Process Corner)
  Requirement:            0.000ns  (sys_clk_pin rise@0.000ns - sys_clk_pin rise@0.000ns)
  Data Path Delay:        0.372ns  (logic 0.252ns (67.654%)  route 0.120ns (32.346%))
  Logic Levels:           1  (CARRY4=1)
  Clock Path Skew:        0.000ns (DCD - SCD - CPR)
    Destination Clock Delay (DCD):    2.102ns
    Source Clock Delay      (SCD):    1.582ns
    Clock Pessimism Removal (CPR):    0.519ns

    Location             Delay type                Incr(ns)  Path(ns)    Netlist Resource(s)
  -------------------------------------------------------------------    -------------------
                         (clock sys_clk_pin rise edge)
                                                      0.000     0.000 r  
    V18                                               0.000     0.000 r  clk (IN)
                         net (fo=0)                   0.000     0.000    clk
    V18                  IBUF (Prop_ibuf_I_O)         0.251     0.251 r  clk_IBUF_inst/O
                         net (fo=1, routed)           0.634     0.885    clk_IBUF
    BUFGCTRL_X0Y0        BUFG (Prop_bufg_I_O)         0.026     0.911 r  clk_IBUF_BUFG_inst/O
                         net (fo=53, routed)          0.671     1.582    segment/clk_IBUF_BUFG
    SLICE_X3Y114         FDRE                                         r  segment/counter_reg[22]/C
  -------------------------------------------------------------------    -------------------
    SLICE_X3Y114         FDRE (Prop_fdre_C_Q)         0.141     1.723 r  segment/counter_reg[22]/Q
                         net (fo=2, routed)           0.120     1.844    segment/counter_reg[22]
    SLICE_X3Y114         CARRY4 (Prop_carry4_S[2]_O[2])
                                                      0.111     1.955 r  segment/counter_reg[20]_i_1/O[2]
                         net (fo=1, routed)           0.000     1.955    segment/counter_reg[20]_i_1_n_5
    SLICE_X3Y114         FDRE                                         r  segment/counter_reg[22]/D
  -------------------------------------------------------------------    -------------------

                         (clock sys_clk_pin rise edge)
                                                      0.000     0.000 r  
    V18                                               0.000     0.000 r  clk (IN)
                         net (fo=0)                   0.000     0.000    clk
    V18                  IBUF (Prop_ibuf_I_O)         0.439     0.439 r  clk_IBUF_inst/O
                         net (fo=1, routed)           0.689     1.127    clk_IBUF
    BUFGCTRL_X0Y0        BUFG (Prop_bufg_I_O)         0.029     1.156 r  clk_IBUF_BUFG_inst/O
                         net (fo=53, routed)          0.945     2.102    segment/clk_IBUF_BUFG
    SLICE_X3Y114         FDRE                                         r  segment/counter_reg[22]/C
                         clock pessimism             -0.519     1.582    
    SLICE_X3Y114         FDRE (Hold_fdre_C_D)         0.105     1.687    segment/counter_reg[22]
  -------------------------------------------------------------------
                         required time                         -1.687    
                         arrival time                           1.955    
  -------------------------------------------------------------------
                         slack                                  0.267    





Pulse Width Checks
--------------------------------------------------------------------------------------
Clock Name:         sys_clk_pin
Waveform(ns):       { 0.000 5.000 }
Period(ns):         10.000
Sources:            { clk }

Check Type        Corner  Lib Pin  Reference Pin  Required(ns)  Actual(ns)  Slack(ns)  Location       Pin
Min Period        n/a     BUFG/I   n/a            2.155         10.000      7.845      BUFGCTRL_X0Y0  clk_IBUF_BUFG_inst/I
Min Period        n/a     FDRE/C   n/a            1.000         10.000      9.000      SLICE_X1Y118   mul2/res_reg[0]/C
Min Period        n/a     FDRE/C   n/a            1.000         10.000      9.000      SLICE_X1Y120   mul2/res_reg[0]_lopt_replica/C
Min Period        n/a     FDRE/C   n/a            1.000         10.000      9.000      SLICE_X1Y118   mul2/res_reg[1]/C
Min Period        n/a     FDRE/C   n/a            1.000         10.000      9.000      SLICE_X1Y119   mul2/res_reg[1]_lopt_replica/C
Min Period        n/a     FDRE/C   n/a            1.000         10.000      9.000      SLICE_X0Y117   mul2/res_reg[2]/C
Min Period        n/a     FDRE/C   n/a            1.000         10.000      9.000      SLICE_X0Y120   mul2/res_reg[2]_lopt_replica/C
Min Period        n/a     FDRE/C   n/a            1.000         10.000      9.000      SLICE_X0Y117   mul2/res_reg[3]/C
Min Period        n/a     FDRE/C   n/a            1.000         10.000      9.000      SLICE_X0Y120   mul2/res_reg[3]_lopt_replica/C
Min Period        n/a     FDRE/C   n/a            1.000         10.000      9.000      SLICE_X1Y118   mul2/res_reg[4]/C
Low Pulse Width   Fast    FDRE/C   n/a            0.500         5.000       4.500      SLICE_X3Y111   segment/counter_reg[10]/C
Low Pulse Width   Fast    FDRE/C   n/a            0.500         5.000       4.500      SLICE_X3Y111   segment/counter_reg[11]/C
Low Pulse Width   Fast    FDRE/C   n/a            0.500         5.000       4.500      SLICE_X3Y112   segment/counter_reg[12]/C
Low Pulse Width   Fast    FDRE/C   n/a            0.500         5.000       4.500      SLICE_X3Y112   segment/counter_reg[13]/C
Low Pulse Width   Fast    FDRE/C   n/a            0.500         5.000       4.500      SLICE_X3Y112   segment/counter_reg[14]/C
Low Pulse Width   Fast    FDRE/C   n/a            0.500         5.000       4.500      SLICE_X3Y112   segment/counter_reg[15]/C
Low Pulse Width   Fast    FDRE/C   n/a            0.500         5.000       4.500      SLICE_X3Y110   segment/counter_reg[4]/C
Low Pulse Width   Fast    FDRE/C   n/a            0.500         5.000       4.500      SLICE_X3Y110   segment/counter_reg[5]/C
Low Pulse Width   Fast    FDRE/C   n/a            0.500         5.000       4.500      SLICE_X3Y110   segment/counter_reg[6]/C
Low Pulse Width   Fast    FDRE/C   n/a            0.500         5.000       4.500      SLICE_X3Y110   segment/counter_reg[7]/C
High Pulse Width  Slow    FDRE/C   n/a            0.500         5.000       4.500      SLICE_X1Y118   mul2/res_reg[0]/C
High Pulse Width  Slow    FDRE/C   n/a            0.500         5.000       4.500      SLICE_X1Y120   mul2/res_reg[0]_lopt_replica/C
High Pulse Width  Slow    FDRE/C   n/a            0.500         5.000       4.500      SLICE_X1Y118   mul2/res_reg[1]/C
High Pulse Width  Slow    FDRE/C   n/a            0.500         5.000       4.500      SLICE_X1Y119   mul2/res_reg[1]_lopt_replica/C
High Pulse Width  Slow    FDRE/C   n/a            0.500         5.000       4.500      SLICE_X0Y120   mul2/res_reg[2]_lopt_replica/C
High Pulse Width  Slow    FDRE/C   n/a            0.500         5.000       4.500      SLICE_X0Y120   mul2/res_reg[3]_lopt_replica/C
High Pulse Width  Slow    FDRE/C   n/a            0.500         5.000       4.500      SLICE_X1Y118   mul2/res_reg[4]/C
High Pulse Width  Slow    FDRE/C   n/a            0.500         5.000       4.500      SLICE_X1Y120   mul2/res_reg[4]_lopt_replica/C
High Pulse Width  Slow    FDRE/C   n/a            0.500         5.000       4.500      SLICE_X1Y119   mul2/res_reg[5]/C
High Pulse Width  Slow    FDRE/C   n/a            0.500         5.000       4.500      SLICE_X1Y120   mul2/res_reg[5]_lopt_replica/C



